******************************************************************************
                  TI ARM Linker PC v20.2.7                     
******************************************************************************
>> Linked Wed Jun  5 12:17:46 2024

OUTPUT FILE NAME:   <out_of_box_6843_isk_mss.xer4f>
ENTRY POINT SYMBOL: "_c_int00"  address: 0001b15c


MEMORY CONFIGURATION

         name            origin    length      used     unused   attr    fill
----------------------  --------  ---------  --------  --------  ----  --------
PAGE 0:
  VECTORS               00000000   00000100  0000003c  000000c4     X
  PROG_RAM              00000100   0007ff00  00022efe  0005d002  R  X
  DATA_RAM              08000000   00030000  0000f994  0002066c  RW  
  L3_RAM                51000000   000c0000  000c0000  00000000  RW  
  HWA_RAM               52030000   00010000  00000000  00010000  RW  
  HS_RAM                52080000   00008000  00000000  00008000  RW  

PAGE 1:
  L3_RAM                51000000   000c0000  00000000  000c0000  RW  


SEGMENT ALLOCATION MAP

run origin  load origin   length   init length attrs members
----------  ----------- ---------- ----------- ----- -------
00000000    00000000    0000003c   0000003c    r--
  00000000    00000000    0000003c   0000003c    r-- .vecs
00000100    00000100    00022f08   00022f08    r-x
  00000100    00000100    000217a2   000217a2    r-x .text
  000218a8    000218a8    000011d4   000011d4    r-- .const
  00022a80    00022a80    00000588   00000588    r-- .cinit
08000000    08000000    0000f998   00000000    rw-
  08000000    08000000    00008000   00000000    rw- systemHeap
  08008000    08008000    00003c88   00000000    rw- .bss
  0800bc88    0800bc88    00001d0c   00000000    rw- .data
  0800d994    0800d994    00001000   00000000    rw- .dpcLocalRam
  0800e998    0800e998    00000800   00000000    rw- .myFiqStack
  0800f198    0800f198    00000800   00000000    rw- .stack
51000000    51000000    000c0000   00000000    rw-
  51000000    51000000    000c0000   00000000    rw- .l3ram


SECTION ALLOCATION MAP

 output                                  attributes/
section   page    origin      length       input sections
--------  ----  ----------  ----------   ----------------
systemHeap 
*          0    08000000    00008000     UNINITIALIZED
                  08000000    00008000     mmw_mss_per4ft.oer4ft (systemHeap)

.dpcLocalRam 
*          0    0800d994    00001000     UNINITIALIZED
                  0800d994    00001000     mss_main.oer4f (.dpcLocalRam)

.vecs      0    00000000    0000003c     
                  00000000    0000003c     mmw_mss_per4ft.oer4ft (.vecs)

.text      0    00000100    000217a2     
                  00000100    00000b2c     rtsv7R4_T_le_v3D16_eabi.lib : _scanfi.c.obj (.text:__TI_scanfi)
                  00000c2c    00000a46                                 : _printfi.c.obj (.text:__TI_printfi)
                  00001672    00000002     libadcbuf_xwr68xx.aer4f : adcbuf_mmwave.oer4f (.text:ADCBUF_MMWave_init)
                  00001674    0000099c     mss_main.oer4f (.text:MmwDemo_dataPathConfig)
                  00002010    0000070e     mmw_cli.oer4f (.text:MmwDemo_CLIInit)
                  0000271e    00000002     libhwa_xwr68xx.aer4f : hwa.oer4f (.text:HWA_init)
                  00002720    000006e8     mss_main.oer4f (.text:MmwDemo_initTask)
                  00002e08    00000658     libhwa_xwr68xx.aer4f : hwa.oer4f (.text:HWA_configParamSet)
                  00003460    00000604     rtsv7R4_T_le_v3D16_eabi.lib : k_rem_pio2.c.obj (.text:__kernel_rem_pio2)
                  00003a64    0000059e     mss_main.oer4f (.text:MmwDemo_openSensor)
                  00004002    00000002     libmmwave_xwr68xx.aer4f : mmwave_link.oer4f (.text:MMWave_maskHostIRQ)
                  00004004    00000564     librangeproc_hwa_xwr68xx.aer4f : rangeprochwa.oer4f (.text:DPU_RangeProcHWA_process)
                  00004568    00000008     libosal_xwr68xx.aer4f : HwiP_tirtos.oer4f (.text:HwiP_disable)
                  00004570    000004e1     sysbios.aer4ft : BIOS.obj (.text:xdc_runtime_System_doPrint__I)
                  00004a51    00000001     --HOLE-- [fill = 0]
                  00004a52    00000002     libqspiflash_xwr68xx.aer4f : qspiflash.oer4f (.text:QSPIFlash_init)
                  00004a54    000004d4     mss_main.oer4f (.text:MmwDemo_handleObjectDetResult)
                  00004f28    000004a8     libadcbuf_xwr68xx.aer4f : adcbuf_mmwave.oer4f (.text:ADCBUF_MMWave_control)
                  000053d0    0000043c     librangeproc_hwa_xwr68xx.aer4f : rangeprochwa.oer4f (.text:DPU_RangeProcHWA_config)
                  0000580c    0000043c     mmwdemo_rfparser.oer4f (.text:MmwDemo_RFParser_parseCtrlConfig)
                  00005c48    00000410     libcli_xwr68xx.aer4f : cli_mmwave.oer4f (.text:CLI_MMWaveVersion)
                  00006058    000003fd     mmw_cli.oer4f (.text:MmwDemo_CLISensorStart)
                  00006455    00000001     --HOLE-- [fill = 0]
                  00006456    00000002     libqspi_xwr68xx.aer4f : qspi.oer4f (.text:QSPI_init)
                  00006458    000003f4     rtsv7R4_T_le_v3D16_eabi.lib : s_cos.c.obj (.text:cos)
                  0000684c    000003e8                                 : strtod.c.obj (.text:strtod)
                  00006c34    000003e4     mss_main.oer4f (.text:MmwDemo_transmitProcessedOutput)
                  00007018    00000334     mss_main.oer4f (.text:MmwDemo_DPC_ObjectDetection_reportFxn)
                  0000734c    00000004     libosal_xwr68xx.aer4f : HwiP_tirtos.oer4f (.text:HwiP_disableInterrupt)
                  00007350    0000032c     sysbios.aer4ft : BIOS.obj (.text:ti_sysbios_knl_Semaphore_pend__E)
                  0000767c    00000328     mss_main.oer4f (.text:MmwDemo_processPendingDynamicCfgCommands)
                  000079a4    00000314     libsoc_xwr68xx.aer4f : soc_xwr68xx_mss.oer4f (.text:SOC_deviceInit)
                  00007cb8    00000304     librangeproc_hwa_xwr68xx.aer4f : rangeprochwa.oer4f (.text:rangeProcHWA_ConfigEDMA_DataOut_nonInterleave)
                  00007fbc    000002f8     libcbuff_xwr68xx.aer4f : cbuff.oer4f (.text:CBUFF_createSession)
                  000082b4    0000000c     libedma_xwr68xx.aer4f : edma_low_level.oer4f (.text:EDMA3ChannelToParamMap)
                  000082c0    000002d0     sysbios.aer4ft : BIOS.obj (.text:ti_sysbios_knl_Task_Instance_finalize__E)
                  00008590    000002c4     libhwa_xwr68xx.aer4f : hwa.oer4f (.text:HWA_configCommon)
                  00008854    000002b4     rtsv7R4_T_le_v3D16_eabi.lib : ull_div32.asm.obj (.text)
                  00008b08    00000008     libmmwave_xwr68xx.aer4f : mmwave.oer4f (.text:MMWave_decodeErrorLevel)
                  00008b10    000002a4     sysbios.aer4ft : BIOS.obj (.text:ti_sysbios_heaps_HeapMem_freeUnprotected__E)
                  00008db4    00000284     libmmwave_xwr68xx.aer4f : mmwave_dualcore.oer4f (.text:MMWave_deviceExecuteFxn)
                  00009038    00000280     libhsiheader_xwr68xx.aer4f : hsiheader.oer4f (.text:HSIHeader_createHeader)
                  000092b8    00000008     libmmwave_xwr68xx.aer4f : mmwave_link.oer4f (.text:MMWave_mboxCallbackFxn)
                  000092c0    00000280     sysbios.aer4ft : BIOS.obj (.text:ti_sysbios_family_arm_exc_Exception_excDumpContext__I)
                  00009540    00000278     mss_main.oer4f (.text:MmwDemo_sensorStopEpilog)
                  000097b8    0000026c     libqspiflash_xwr68xx.aer4f : qspiflash.oer4f (.text:QSPIFlash_open)
                  00009a24    00000264     libcbuff_xwr68xx.aer4f : cbuff.oer4f (.text:CBUFF_init)
                  00009c88    00000260     libmailbox_xwr68xx.aer4f : mailbox.oer4f (.text:Mailbox_open)
                  00009ee8    00000254     libcli_xwr68xx.aer4f : cli_mmwave.oer4f (.text:CLI_MMWaveProfileCfg)
                  0000a13c    00000248     rtsv7R4_T_le_v3D16_eabi.lib : _printfi.c.obj (.text:_pconv_a)
                  0000a384    00000240     objdetrangehwa.oer4f (.text:DPC_ObjDetRangeHwa_rangeConfig)
                  0000a5c4    0000023c     mmw_lvds_stream.oer4f (.text:MmwDemo_LVDSStreamHwConfig)
                  0000a800    00000238     sysbios.aer4ft : BIOS.obj (.text:ti_sysbios_heaps_HeapMem_allocUnprotected__E)
                  0000aa38    0000022c     libcbuff_xwr68xx.aer4f : cbuff_lvds.oer4f (.text:CBUFF_openLVDS)
                  0000ac64    0000022c     librangeproc_hwa_xwr68xx.aer4f : rangeprochwa.oer4f (.text:rangeProcHWA_ConfigHWA)
                  0000ae90    00000224     sysbios.aer4ft : BIOS.obj (.text:ti_sysbios_timers_rti_Timer_Module_startup__E)
                  0000b0b4    00000214     libuart_xwr68xx.aer4f : uartsci.oer4f (.text:UartSci_open)
                  0000b2c8    00000210     mss_main.oer4f (.text:MmwDemo_eventCallbackFxn)
                  0000b4d8    0000020a     libcbuff_xwr68xx.aer4f : cbuff_transfer.oer4f (.text:CBUFF_addLinkedList)
                  0000b6e2    0000000e     libsoc_xwr68xx.aer4f : soc_xwr68xx_mss.oer4f (.text:SOC_microDelay)
                  0000b6f0    00000208     sysbios.aer4ft : BIOS.obj (.text:ti_sysbios_knl_Task_sleep__E)
                  0000b8f8    00000204     libcli_xwr68xx.aer4f : cli_mmwave.oer4f (.text:CLI_MMWaveChirpCfg)
                  0000bafc    00000200     libcrc_xwr68xx.aer4f : crc.oer4f (.text:CRC_open)
                  0000bcfc    00000200     mss_main.oer4f (.text:MmwDemo_stopSensor)
                  0000befc    000001f8     objdetrangehwa.oer4f (.text:DPC_ObjectDetection_ioctl)
                  0000c0f4    0000000c     libedma_xwr68xx.aer4f : edma_low_level.oer4f (.text:EDMAsetRegion)
                  0000c100    000001f8     sysbios.aer4ft : BIOS.obj (.text:ti_sysbios_knl_Task_Instance_init__E)
                  0000c2f8    000001f0     libdma_xwr68xx.aer4f : dma.oer4f (.text:DMA_setChannelParams)
                  0000c4e8    000001e4     rtsv7R4_T_le_v3D16_eabi.lib : strtoll.c.obj (.text:strtoll)
                  0000c6cc    000001d4     libcbuff_xwr68xx.aer4f : cbuff_edma.oer4f (.text:CBUFF_configEDMA)
                  0000c8a0    000001cc     sysbios.aer4ft : BIOS.obj (.text:ti_sysbios_family_arm_v7r_vim_Hwi_dispatchIRQC__I)
                  0000ca6c    000001c8     libcbuff_xwr68xx.aer4f : cbuff_lvds.oer4f (.text:CBUFF_initLVDS)
                  0000cc34    000001c8     libmmwavelink_xwr68xx.aer4f : rl_driver.oer4f (.text:rlDriverRxHdrRead)
                  0000cdfc    000001c0     libedma_xwr68xx.aer4f : edma.oer4f (.text:EDMA_open)
                  0000cfbc    000001b0     mss_main.oer4f (.text:MmwDemo_startSensor)
                  0000d16c    000001b0     libmmwavelink_xwr68xx.aer4f : rl_driver.oer4f (.text:rlDriverMsgRead)
                  0000d31c    000001a8     mss_main.oer4f (.text:MmwDemo_bpmConfig)
                  0000d4c4    000001a4     libcbuff_xwr68xx.aer4f : cbuff.oer4f (.text:CBUFF_activateSession)
                  0000d668    000001a4     libcli_xwr68xx.aer4f : cli_mmwave.oer4f (.text:CLI_MMWaveSubFrameCfg)
                  0000d80c    000001a4     libmmwave_xwr68xx.aer4f : mmwave_dualcore.oer4f (.text:MMWave_serializeCfg)
                  0000d9b0    000001a0     rtsv7R4_T_le_v3D16_eabi.lib : _printfi.c.obj (.text:_pconv_g)
                  0000db50    0000019c     sysbios.aer4ft : BIOS.obj (.text:xdc_runtime_Error_policyDefault__E)
                  0000dcec    00000198     mss_main.oer4f (.text:MmwDemo_transferLVDSUserData)
                  0000de84    00000194     libmmwave_xwr68xx.aer4f : mmwave_link.oer4f (.text:MMWave_openLink)
                  0000e018    00000190     libmmwavelink_xwr68xx.aer4f : rl_driver.oer4f (.text:rlDriverCmdInvoke)
                  0000e1a8    00000188     libedma_xwr68xx.aer4f : edma.oer4f (.text:EDMA_configChannel)
                  0000e330    00000188     libhwa_xwr68xx.aer4f : hwa.oer4f (.text:HWA_open)
                  0000e4b8    00000188     mmw_cli.oer4f (.text:MmwDemo_CLIConfigDataPort)
                  0000e640    00000184     sysbios.aer4ft : BIOS.obj (.text:xdc_runtime_LoggerBuf_write8__E)
                  0000e7c4    00000180     libdpm_xwr68xx.aer4f : dpm_core.oer4f (.text:DPM_init)
                  0000e944    00000180                          : dpm_msg.oer4f (.text:DPM_msgRecv)
                  0000eac4    0000017c     mmwdemo_rfparser.oer4f (.text:MmwDemo_RFParser_setAoAParams)
                  0000ec40    0000017c     mss_main.oer4f (.text:main)
                  0000edbc    00000170     libgpio_xwr68xx.aer4f : gpio.oer4f (.text:GPIO_setConfig)
                  0000ef2c    00000004     libosal_xwr68xx.aer4f : HwiP_tirtos.oer4f (.text:HwiP_enableInterrupt)
                  0000ef30    0000016c     sysbios.aer4ft : BIOS.obj (.text:ti_sysbios_family_arm_exc_Exception_excHandler__I)
                  0000f09c    00000004     libmmwave_xwr68xx.aer4f : mmwave_link.oer4f (.text:MMWave_disableDevice)
                  0000f0a0    0000016c     sysbios.aer4ft : BIOS.obj (.text:ti_sysbios_knl_Semaphore_post__E)
                  0000f20c    00000164     mmw_lvds_stream.oer4f (.text:MmwDemo_LVDSStreamInit)
                  0000f370    00000164     mmw_lvds_stream.oer4f (.text:MmwDemo_LVDSStreamSwConfig)
                  0000f4d4    00000164     rtsv7R4_T_le_v3D16_eabi.lib : strtoull.c.obj (.text:strtoull)
                  0000f638    00000160     libqspi_xwr68xx.aer4f : qspi.oer4f (.text:QSPI_open)
                  0000f798    00000008     libosal_xwr68xx.aer4f : MemoryP_tirtos.oer4f (.text:MemoryP_getStats)
                  0000f7a0    00000160     sysbios.aer4ft : BIOS.obj (.text:ti_sysbios_family_arm_v7r_vim_Hwi_reconfig__E)
                  0000f900    0000015c     objdetrangehwa.oer4f (.text:DPC_ObjectDetection_execute)
                  0000fa5c    00000004     libmmwave_xwr68xx.aer4f : mmwave_link.oer4f (.text:MMWave_enableDevice)
                  0000fa60    00000158     sysbios.aer4ft : BIOS.obj (.text:ti_sysbios_knl_Task_postInit__I)
                  0000fbb8    00000154     objdetrangehwa.oer4f (.text:DPC_ObjectDetection_init)
                  0000fd0c    0000014c     libcli_xwr68xx.aer4f : cli_mmwave.oer4f (.text:CLI_MMWaveFrameCfg)
                  0000fe58    0000014c                          : cli.oer4f (.text:CLI_task)
                  0000ffa4    0000014c     libmmwave_xwr68xx.aer4f : mmwave_link.oer4f (.text:MMWave_initMMWaveLink)
                  000100f0    0000014a     libuart_xwr68xx.aer4f : uartsci.oer4f (.text:UartSci_ISR)
                  0001023a    00000002                           : uartsci.oer4f (.text:UartSci_init)
                  0001023c    00000148     libhsiheader_xwr68xx.aer4f : hsiheader.oer4f (.text:HSIHeader_init)
                  00010384    00000148     libmmwavelink_xwr68xx.aer4f : rl_driver.oer4f (.text:rlDriverCmdSendRetry)
                  000104cc    00000146     mmw_cli.oer4f (.text:MmwDemo_CLICalibDcRangeSig)
                  00010612    0000000e     libosal_xwr68xx.aer4f : SemaphoreP_tirtos.oer4f (.text:SemaphoreP_delete)
                  00010620    00000140     sysbios.aer4ft : BIOS.obj (.text:ti_sysbios_heaps_HeapMem_Instance_init__E)
                  00010760    00000140                    : BIOS.obj (.text:xdc_runtime_Core_createObject__I)
                  000108a0    0000013c     mmw_lvds_stream.oer4f (.text:MmwDemo_LVDSStreamDeleteHwSession)
                  000109dc    00000004     libmmwave_xwr68xx.aer4f : mmwave_listlib.oer4f (.text:MMWave_listGetHead)
                  000109e0    0000013c     sysbios.aer4ft : BIOS.obj (.text:ti_sysbios_knl_Clock_workFunc__E)
                  00010b1c    00000134     libadcbuf_xwr68xx.aer4f : adcbuf_mmwave.oer4f (.text:ADCBUF_MMWave_open)
                  00010c50    00000134     sysbios.aer4ft : BIOS.obj (.text:xdc_runtime_Startup_startMods__I)
                  00010d84    00000130     mmw_lvds_stream.oer4f (.text:MmwDemo_LVDSStreamDeleteSwSession)
                  00010eb4    00000130     rtsv7R4_T_le_v3D16_eabi.lib : strtol.c.obj (.text:strtol)
                  00010fe4    0000012c     librangeproc_hwa_xwr68xx.aer4f : rangeprochwa.oer4f (.text:rangeProcHWA_ConfigEDMADummyThreeLinks)
                  00011110    00000128     libmathutils.aer4f : mathutils.oer4f (.text:mathUtils_genWindow)
                  00011238    00000008     libosal_xwr68xx.aer4f : SemaphoreP_tirtos.oer4f (.text:SemaphoreP_Params_init)
                  00011240    00000128     sysbios.aer4ft : BIOS.obj (.text:ti_sysbios_utils_Load_updateThreadContexts__E)
                  00011368    00000124     libcli_xwr68xx.aer4f : cli_mmwave.oer4f (.text:CLI_MMWaveAdvFrameCfg)
                  0001148c    00000124                          : cli_mmwave.oer4f (.text:CLI_MMWaveContModeCfg)
                  000115b0    00000124     libedma_xwr68xx.aer4f : edma.oer4f (.text:EDMA_init)
                  000116d4    0000000c     libmmwave_xwr68xx.aer4f : mmwave_dualcore.oer4f (.text:MMWave_deviceMailboxCallbackFxn)
                  000116e0    00000120     sysbios.aer4ft : BIOS.obj (.text:xdc_runtime_LoggerBuf_write4__E)
                  00011800    0000011c     mmw_cli.oer4f (.text:MmwDemo_CLILvdsStreamCfg)
                  0001191c    00000004     libmmwave_xwr68xx.aer4f : mmwave_listlib.oer4f (.text:MMWave_listGetNext)
                  00011920    00000118     sysbios.aer4ft : BIOS.obj (.text:ti_sysbios_family_arm_v7r_vim_Hwi_Instance_init__E)
                  00011a38    00000114     libedma_xwr68xx.aer4f : edma.oer4f (.text:EDMA_configErrorMonitoring)
                  00011b4c    00000114     mss_main.oer4f (.text:MmwDemo_calibInit)
                  00011c60    00000110     libedma_xwr68xx.aer4f : edma.oer4f (.text:EDMA_transferComplete_isr)
                  00011d70    00000110     rtsv7R4_T_le_v3D16_eabi.lib : strtoul.c.obj (.text:strtoul)
                  00011e80    0000010c     libdpedma_hwa_xwr68xx.aer4f : dpedma.oer4f (.text:DPEDMA_configSyncAB)
                  00011f8c    0000010c     libdpm_xwr68xx.aer4f : dpm_msg.oer4f (.text:DPM_msgResultHandler)
                  00012098    0000010c     libmmwave_xwr68xx.aer4f : mmwave_link.oer4f (.text:MMWave_asyncEventHandler)
                  000121a4    0000010c                             : mmwave_dualcore.oer4f (.text:MMWave_deviceInitFxn)
                  000122b0    0000010c     sysbios.aer4ft : BIOS.obj (.text:ti_sysbios_knl_Task_schedule__I)
                  000123bc    00000004     libmmwave_xwr68xx.aer4f : mmwave_link.oer4f (.text:MMWave_mboxClose)
                  000123c0    0000010c     sysbios.aer4ft : BIOS.obj (.text:xdc_runtime_Core_constructObject__I)
                  000124cc    00000108     libdma_xwr68xx.aer4f : dma.oer4f (.text:DMA_disableInterrupt)
                  000125d4    00000108     libmailbox_xwr68xx.aer4f : mailbox.oer4f (.text:Mailbox_write)
                  000126dc    00000108     mmw_cli.oer4f (.text:MmwDemo_CLICfarCfg)
                  000127e4    00000104     libcbuff_xwr68xx.aer4f : cbuff.oer4f (.text:CBUFF_deinit)
                  000128e8    00000104     libdpedma_hwa_xwr68xx.aer4f : dpedma.oer4f (.text:DPEDMA_configSyncA_singleFrame)
                  000129ec    00000104     libmmwave_xwr68xx.aer4f : mmwave_link.oer4f (.text:MMWave_startLink)
                  00012af0    00000104     mmw_cli.oer4f (.text:MmwDemo_CLIChirpQualityRxSatMonCfg)
                  00012bf4    00000104     mmw_cli.oer4f (.text:MmwDemo_CLICompRangeBiasAndRxChanPhaseCfg)
                  00012cf8    00000104     rtsv7R4_T_le_v3D16_eabi.lib : _printfi.c.obj (.text:_pconv_e)
                  00012dfc    00000004     libmmwave_xwr68xx.aer4f : mmwave_link.oer4f (.text:MMWave_mboxRead)
                  00012e00    00000104     sysbios.aer4ft : BIOS.obj (.text:ti_sysbios_timers_rti_Timer_getFreq__E)
                  00012f04    00000100     libcli_xwr68xx.aer4f : cli_mmwave.oer4f (.text:CLI_MMWaveBPMCfgAdvanced)
                  00013004    00000100     libdma_xwr68xx.aer4f : dma.oer4f (.text:DMA_clearChannelInterruptFlag)
                  00013104    00000100     libmmwavelink_xwr68xx.aer4f : rl_driver.oer4f (.text:rlDriverInit)
                  00013204    000000fc     libcbuff_xwr68xx.aer4f : cbuff.oer4f (.text:CBUFF_deleteSession)
                  00013300    000000fc     libcrc_xwr68xx.aer4f : crc.oer4f (.text:CRC_computeSignature)
                  000133fc    000000fc     mmw_cli.oer4f (.text:MmwDemo_CLIADCBufCfg)
                  000134f8    000000fc     rtsv7R4_T_le_v3D16_eabi.lib : _printfi.c.obj (.text:fcvt)
                  000135f4    0000000c     libmmwave_xwr68xx.aer4f : mmwave_osal.oer4f (.text:MMWave_osalMutexUnlock)
                  00013600    000000fc     sysbios.aer4ft : BIOS.obj (.text:ti_sysbios_knl_Task_exit__E)
                  000136fc    000000fa     mss_main.oer4f (.text:MmwDemo_setSubFramePendingState)
                  000137f6    00000002     rtsv7R4_T_le_v3D16_eabi.lib : _lock.c.obj (.text:_nop)
                  000137f8    000000f8     mmw_lvds_stream.oer4f (.text:MmwDemo_configLVDSHwData)
                  000138f0    000000f8     libmmwavelink_xwr68xx.aer4f : rl_driver.oer4f (.text:rlDriverRdVerifyMsg)
                  000139e8    000000f8     mmw_mss_per4ft.oer4ft (.text:xdc_runtime_System_printfExtend__I)
                  00013ae0    000000f4     mmw_cli.oer4f (.text:MmwDemo_CLICalibDataSaveRestore)
                  00013bd4    000000f0     rtsv7R4_T_le_v3D16_eabi.lib : s_scalbn.c.obj (.text:scalbn)
                  00013cc4    0000000c     libmmwave_xwr68xx.aer4f : mmwave_osal.oer4f (.text:MMWave_osalSemSignal)
                  00013cd0    000000f0     sysbios.aer4ft : BIOS.obj (.text:ti_sysbios_family_arm_v7r_vim_Hwi_Module_startup__E)
                  00013dc0    000000f0                    : BIOS.obj (.text:ti_sysbios_knl_Task_startCore__E)
                  00013eb0    000000f0                    : BIOS.obj (.text:ti_sysbios_utils_Load_taskCreateHook__E)
                  00013fa0    000000ec     mmw_cli.oer4f (.text:MmwDemo_CLIChirpQualitySigImgMonCfg)
                  0001408c    00000004     libmmwave_xwr68xx.aer4f : mmwave_link.oer4f (.text:MMWave_registerInterruptHandler)
                  00014090    000000ec     sysbios.aer4ft : BIOS.obj (.text:ti_sysbios_heaps_HeapBuf_Module_startup__E)
                  0001417c    000000ea     libdpedma_hwa_xwr68xx.aer4f : dpedmahwa.oer4f (.text:DPEDMAHWA_configTwoHotSignature)
                  00014266    00000002     rtsv7R4_T_le_v3D16_eabi.lib : div0.asm.obj (.text)
                  00014268    000000e8     libmmwavelink_xwr68xx.aer4f : rl_sensor.oer4f (.text:rlRfCalibDataStore)
                  00014350    000000e8                                 : rl_sensor.oer4f (.text:rlRfPhShiftCalibDataStore)
                  00014438    000000e4     mmw_cli.oer4f (.text:MmwDemo_CLIBpmCfg)
                  0001451c    000000e4     libmmwavelink_xwr68xx.aer4f : rl_sensor.oer4f (.text:rlRfPhShiftCalibDataRestore)
                  00014600    000000e2     libedma_xwr68xx.aer4f : edma.oer4f (.text:EDMA_paramConfig_assist)
                  000146e2    00000002     mmw_mss_per4ft.oer4ft (.text:ti_sysbios_BIOS_nullFunc__I)
                  000146e4    000000e0     libcli_xwr68xx.aer4f : cli.oer4f (.text:CLI_open)
                  000147c4    000000e0     libdma_xwr68xx.aer4f : dma.oer4f (.text:DMA_enableInterrupt)
                  000148a4    000000e0     rtsv7R4_T_le_v3D16_eabi.lib : s_floor.c.obj (.text:floor)
                  00014984    000000dc     libmmwave_xwr68xx.aer4f : mmwave.oer4f (.text:MMWave_init)
                  00014a60    000000dc     libmmwavelink_xwr68xx.aer4f : rl_driver.oer4f (.text:rlDriverMsgCmdReply)
                  00014b3c    000000dc     rtsv7R4_T_le_v3D16_eabi.lib : setvbuf.c.obj (.text:setvbuf)
                  00014c18    000000d4     libmailbox_xwr68xx.aer4f : mailbox.oer4f (.text:Mailbox_read)
                  00014cec    000000d4     librangeproc_hwa_xwr68xx.aer4f : rangeprochwa.oer4f (.text:rangeProcHWA_ConfigEDMA_DataIn)
                  00014dc0    000000d4     libmmwavelink_xwr68xx.aer4f : rl_sensor.oer4f (.text:rlSetMultiBpmChirpConfig)
                  00014e94    0000000c     libuart_xwr68xx.aer4f : UART.oer4f (.text:UART_Params_init)
                  00014ea0    000000d4     sysbios.aer4ft : BIOS.obj (.text:ti_sysbios_utils_Load_logLoads__I)
                  00014f74    000000d0     librangeproc_hwa_xwr68xx.aer4f : rangeprochwa.oer4f (.text:DPU_RangeProcHWA_control)
                  00015044    000000d0     libsoc_xwr68xx.aer4f : soc_xwr68xx_mss.oer4f (.text:SOC_controlSecureFirewall)
                  00015114    000000d0     sysbios.aer4ft : exc_Exception_asm.obj (.text:ti_sysbios_family_arm_exc_Exception_excHandlerAsm__I)
                  000151e4    0000000c     libuart_xwr68xx.aer4f : uartsci_dma.oer4f (.text:UartSci_isDMAEnabled)
                  000151f0    000000d0     sysbios.aer4ft : BIOS.obj (.text:ti_sysbios_utils_Load_idleFxn__E)
                  000152c0    000000d0                    : BIOS.obj (.text:xdc_runtime_LoggerBuf_Instance_init__E)
                  00015390    000000cc     libhwa_xwr68xx.aer4f : hwa.oer4f (.text:HWA_enableParamSetInterrupt)
                  0001545c    000000cc     mss_main.oer4f (.text:MmwDemo_configSensor)
                  00015528    000000cc     libmmwavelink_xwr68xx.aer4f : rl_sensor.oer4f (.text:rlRfCalibDataRestore)
                  000155f4    000000cc                                 : rl_sensor.oer4f (.text:rlSetChirpConfig)
                  000156c0    000000cc     sysbios.aer4ft : BIOS.obj (.text:ti_sysbios_knl_Task_checkStacks__E)
                  0001578c    000000c8     libmmwave_xwr68xx.aer4f : mmwave_fullcfg.oer4f (.text:MMWave_addChirp)
                  00015854    000000c8                             : mmwave_link.oer4f (.text:MMWave_configBPM)
                  0001591c    000000c8                             : mmwave_fullcfg.oer4f (.text:MMWave_flushCfg)
                  000159e4    000000c8                             : mmwave_fullcfg.oer4f (.text:MMWave_getChirpHandle)
                  00015aac    000000c8     libsoc_xwr68xx.aer4f : soc_xwr68xx.oer4f (.text:SOC_ungateClock)
                  00015b74    000000c8     libmmwavelink_xwr68xx.aer4f : rl_sensor.oer4f (.text:rlSetFrameConfig)
                  00015c3c    000000c4     libcbuff_xwr68xx.aer4f : cbuff_transfer.oer4f (.text:CBUFF_setupNonInterleaved_CP_ADC_CQ)
                  00015d00    000000c4     libdpm_xwr68xx.aer4f : dpm_core.oer4f (.text:DPM_deinit)
                  00015dc4    000000c4                          : dpm_core.oer4f (.text:DPM_ioctl)
                  00015e88    00000008     rtsv7R4_T_le_v3D16_eabi.lib : errno.c.obj (.text:__aeabi_errno_addr)
                  00015e90    000000c4     sysbios.aer4ft : BIOS.obj (.text:ti_sysbios_family_arm_v7a_Pmu_configureCounter__E)
                  00015f54    000000c0     librangeproc_hwa_xwr68xx.aer4f : rangeprochwa.oer4f (.text:DPU_RangeProcHWA_init)
                  00016014    000000c0     mmw_cli.oer4f (.text:MmwDemo_CLIAnalogMonitorCfg)
                  000160d4    000000c0     mss_main.oer4f (.text:MmwDemo_isAllCfgInPendingState)
                  00016194    000000c0     libmmwavelink_xwr68xx.aer4f : rl_driver.oer4f (.text:rlDriverMsgWrite)
                  00016254    0000000c     rtsv7R4_T_le_v3D16_eabi.lib : _lock.c.obj (.text:_register_lock)
                  00016260    000000c0     sysbios.aer4ft : BIOS.obj (.text:ti_sysbios_timers_rti_Timer_startup__E)
                  00016320    000000bc     libcli_xwr68xx.aer4f : cli.oer4f (.text:CLI_help)
                  000163dc    000000bc     libgpio_xwr68xx.aer4f : gpio.oer4f (.text:GPIO_write)
                  00016498    000000bc     libmmwave_xwr68xx.aer4f : mmwave_link.oer4f (.text:MMWave_computeCRC)
                  00016554    000000bc     mmw_lvds_stream.oer4f (.text:MmwDemo_LVDSStream_EDMAInit)
                  00016610    000000b8     libcbuff_xwr68xx.aer4f : cbuff.oer4f (.text:CBUFF_ISR)
                  000166c8    000000b8                            : cbuff_transfer.oer4f (.text:CBUFF_setupTransfer)
                  00016780    000000b8     libdma_xwr68xx.aer4f : dma.oer4f (.text:DMA_getChannelInterruptFlag)
                  00016838    000000b6     libsoc_xwr68xx.aer4f : soc_mpu.o (.text)
                  000168ee    00000002     mmw_mss_per4ft.oer4ft (.text:xdc_runtime_Startup_reset__I)
                  000168f0    000000b4     rtsv7R4_T_le_v3D16_eabi.lib : k_cos.c.obj (.text:__kernel_cos)
                  000169a4    0000000c                                 : _lock.c.obj (.text:_register_unlock)
                  000169b0    000000b4     sysbios.aer4ft : BIOS.obj (.text:ti_sysbios_gates_GateMutex_enter__E)
                  00016a64    0000000c                    : arm_IntrinsicsSupport_asm.obj (.text:_ti_sysbios_family_arm_IntrinsicsSupport_maxbitA)
                  00016a70    000000b4                    : BIOS.obj (.text:xdc_runtime_LoggerBuf_setFilterLevel__E)
                  00016b24    000000b2     libuart_xwr68xx.aer4f : uartsci_dma.oer4f (.text:UartSci_openDMA)
                  00016bd6    00000002     --HOLE-- [fill = 0]
                  00016bd8    000000b0     libcbuff_xwr68xx.aer4f : cbuff.oer4f (.text:CBUFF_deactivateSession)
                  00016c88    000000b0     libmmwave_xwr68xx.aer4f : mmwave_fullcfg.oer4f (.text:MMWave_addProfile)
                  00016d38    000000b0     mss_main.oer4f (.text:MmwDemo_isAllCfgInNonPendingState)
                  00016de8    000000b0     libmmwavelink_xwr68xx.aer4f : rl_sensor.oer4f (.text:rlSetProfileConfig)
                  00016e98    00000008     rtsv7R4_T_le_v3D16_eabi.lib : sscanf.c.obj (.text:_uninpchar)
                  00016ea0    000000b0     sysbios.aer4ft : BIOS.obj (.text:ti_sysbios_utils_Load_updateLoads__E)
                  00016f50    000000ae     mmwdemo_adcconfig.oer4f (.text:MmwDemo_ADCBufConfig)
                  00016ffe    00000002     --HOLE-- [fill = 0]
                  00017000    000000ad     rtsv7R4_T_le_v3D16_eabi.lib : _printfi.c.obj (.text:_ltostr)
                  000170ad    00000003     --HOLE-- [fill = 0]
                  000170b0    000000ac     libesm_xwr68xx.aer4f : esm.oer4f (.text:ESM_processInterrupt)
                  0001715c    000000ac     mss_main.oer4f (.text:MmwDemo_edmaOpen)
                  00017208    00000008     librangeproc_hwa_xwr68xx.aer4f : rangeprochwa.oer4f (.text:rangeProcHWADoneIsrCallback)
                  00017210    000000ac     sysbios.aer4ft : BIOS.obj (.text:ti_sysbios_knl_Task_Module_startup__E)
                  000172bc    00000004     libmmwave_xwr68xx.aer4f : mmwave_link.oer4f (.text:MMWave_unmaskHostIRQ)
                  000172c0    000000ac     sysbios.aer4ft : BIOS.obj (.text:ti_sysbios_utils_Load_startup__E)
                  0001736c    000000a8     libadcbuf_xwr68xx.aer4f : adcbuf_mmwave.oer4f (.text:ADCBUF_MMWave_getChanBufAddr)
                  00017414    000000a8     libcli_xwr68xx.aer4f : cli_mmwave.oer4f (.text:CLI_MMWaveExtensionHelp)
                  000174bc    000000a8     libedma_xwr68xx.aer4f : edma_low_level.oer4f (.text:EDMA3Init)
                  00017564    000000a8     libmmwave_xwr68xx.aer4f : mmwave_link.oer4f (.text:MMWave_configureProfileChirp)
                  0001760c    000000a8                             : mmwave_fullcfg.oer4f (.text:MMWave_getBpmChirpHandle)
                  000176b4    000000a8     libpinmux_xwr68xx.aer4f : pinmux.oer4f (.text:Pinmux_Set_OverrideCtrl)
                  0001775c    000000a8     libsoc_xwr68xx.aer4f : soc.oer4f (.text:SOC_deregisterSysIntListener)
                  00017804    000000a8     rtsv7R4_T_le_v3D16_eabi.lib : k_sin.c.obj (.text:__kernel_sin)
                  000178ac    000000a8     libmmwavelink_xwr68xx.aer4f : rl_driver.oer4f (.text:rlDriverWaitForResponse)
                  00017954    000000a8                                 : rl_sensor.oer4f (.text:rlSetAdvFrameConfig)
                  000179fc    00000004     libmmwave_xwr68xx.aer4f : mmwave_link.oer4f (.text:MMWave_waitIRQStatus)
                  00017a00    000000a8     sysbios.aer4ft : BIOS.obj (.text:xdc_runtime_Text_putMod__E)
                  00017aa8    000000a4     libdma_xwr68xx.aer4f : dma.oer4f (.text:DMA_assignChannel)
                  00017b4c    000000a4     libesm_xwr68xx.aer4f : esm.oer4f (.text:ESM_init)
                  00017bf0    000000a4     libmmwave_xwr68xx.aer4f : mmwave_fullcfg.oer4f (.text:MMWave_addBpmChirp)
                  00017c94    000000a4                             : mmwave.oer4f (.text:MMWave_start)
                  00017d38    000000a4     libqspiflash_xwr68xx.aer4f : qspiflash.oer4f (.text:QSPIFlash_mmapWrite)
                  00017ddc    000000a4     libsoc_xwr68xx.aer4f : soc_xwr68xx_mss.oer4f (.text:SOC_unhaltDSS)
                  00017e80    000000a2     sysbios.aer4ft : BIOS.obj (.text:xdc_runtime_Text_putSite__E)
                  00017f22    00000002     --HOLE-- [fill = 0]
                  00017f24    000000a0     libqspiflash_xwr68xx.aer4f : qspiflash.oer4f (.text:QSPIFlash_configMmapRead)
                  00017fc4    000000a0                                : qspiflash_device_macronix.oer4f (.text:QSPIFlash_macronix_progQuadRead)
                  00018064    000000a0     libsoc_xwr68xx.aer4f : soc.oer4f (.text:SOC_registerSysIntListener)
                  00018104    000000a0     auto_init.aer4ft : auto_init.oer4ft (.text)
                  000181a4    0000000c     rtsv7R4_T_le_v3D16_eabi.lib : copy_zero_init.c.obj (.text:decompress:ZI:__TI_zero_init)
                  000181b0    000000a0     sysbios.aer4ft : BIOS.obj (.text:ti_sysbios_knl_Task_blockI__E)
                  00018250    0000009c     libmmwave_xwr68xx.aer4f : mmwave_link.oer4f (.text:MMWave_configLink)
                  000182ec    0000009c                             : mmwave_fullcfg.oer4f (.text:MMWave_getProfileHandle)
                  00018388    0000009c     mmw_cli.oer4f (.text:MmwDemo_CLIMeasureRangeBiasAndRxChanPhaseCfg)
                  00018424    0000009c     libqspiflash_xwr68xx.aer4f : qspiflash_device_spansion.oer4f (.text:QSPIFlash_spansion_progQuadRead)
                  000184c0    0000009c     libuart_xwr68xx.aer4f : uartsci.oer4f (.text:UartSci_write)
                  0001855c    0000009c     rtsv7R4_T_le_v3D16_eabi.lib : memcpy_t2.asm.obj (.text)
                  000185f8    00000008     libmmwavelink_xwr68xx.aer4f : rl_driver.oer4f (.text:rlDriverConstructOutMsg)
                  00018600    0000009c     sysbios.aer4ft : BIOS.obj (.text:ti_sysbios_family_arm_v7r_vim_Hwi_initIntController__I)
                  0001869c    00000004     mss_main.oer4f (.text:MmwDemo_sleep)
                  000186a0    0000009c     sysbios.aer4ft : BIOS.obj (.text:ti_sysbios_family_arm_v7r_vim_Hwi_mapChannel__I)
                  0001873c    00000004     rtsv7R4_T_le_v3D16_eabi.lib : exit.c.obj (.text:abort:abort)
                  00018740    0000009c     sysbios.aer4ft : BIOS.obj (.text:ti_sysbios_knl_Semaphore_Instance_init__E)
                  000187dc    0000009a     libdpm_xwr68xx.aer4f : dpm_msg.oer4f (.text:DPM_msgResponseHandler)
                  00018876    00000002     --HOLE-- [fill = 0]
                  00018878    00000098     libmmwave_xwr68xx.aer4f : mmwave_fullcfg.oer4f (.text:MMWave_getChirpCfg)
                  00018910    00000098     mmwdemo_rfparser.oer4f (.text:MmwDemo_RFParser_parseConfig)
                  000189a8    00000098     sysbios.aer4ft : vim_Hwi_asm_switch.obj (.text)
                  00018a40    00000098                    : BIOS.obj (.text:ti_sysbios_utils_Load_taskDeleteHook__E)
                  00018ad8    00000096     libedma_xwr68xx.aer4f : edma.oer4f (.text:EDMA_getErrorStatusInfo)
                  00018b6e    00000096     libhwa_xwr68xx.aer4f : hwa.oer4f (.text:HWA_configRam)
                  00018c04    00000096     libuart_xwr68xx.aer4f : uartsci.oer4f (.text:UartSci_readChar)
                  00018c9a    00000094     libcbuff_xwr68xx.aer4f : cbuff_transfer.oer4f (.text:CBUFF_setupNonInterleaved_ADC)
                  00018d2e    00000002     --HOLE-- [fill = 0]
                  00018d30    00000094     mmw_lvds_stream.oer4f (.text:MmwDemo_LVDSStream_EDMAAllocateCBUFFHwChannel)
                  00018dc4    00000094     mmw_lvds_stream.oer4f (.text:MmwDemo_LVDSStream_EDMAAllocateCBUFFSwChannel)
                  00018e58    00000094     libsoc_xwr68xx.aer4f : soc_xwr68xx.oer4f (.text:SOC_gateClock)
                  00018eec    00000094     libmmwavelink_xwr68xx.aer4f : rl_driver.oer4f (.text:rlDriverDeInit)
                  00018f80    00000094                                 : rl_driver.oer4f (.text:rlDriverMsgReadCmdCtx)
                  00019014    00000094                                 : rl_driver.oer4f (.text:rlDriverProcRdMsg)
                  000190a8    00000094     sysbios.aer4ft : vim_Hwi_asm.obj (.text:ti_sysbios_family_arm_v7r_vim_Hwi_dispatchIRQ__I)
                  0001913c    00000090     libgpio_xwr68xx.aer4f : gpio.oer4f (.text:GPIO_init)
                  000191cc    00000090     libmailbox_xwr68xx.aer4f : mailbox.oer4f (.text:Mailbox_close)
                  0001925c    00000090     libuart_xwr68xx.aer4f : uartsci_dma.oer4f (.text:UartSci_initiateTxDMA)
                  000192ec    00000090                           : uartsci.oer4f (.text:UartSci_read)
                  0001937c    00000090     rtsv7R4_T_le_v3D16_eabi.lib : fputc.c.obj (.text:fputc)
                  0001940c    00000004     mmw_mss_per4ft.oer4ft (.text:ti_sysbios_BIOS_RtsGateProxy_enter__E)
                  00019410    00000090     sysbios.aer4ft : BIOS.obj (.text:ti_sysbios_family_arm_v7a_Pmu_startCounter__E)
                  000194a0    00000090                    : BIOS.obj (.text:ti_sysbios_knl_Task_unblockI__E)
                  00019530    00000090                    : BIOS.obj (.text:xdc_runtime_LoggerBuf_getFilterLevel__E)
                  000195c0    0000008c     libcli_xwr68xx.aer4f : cli_mmwave.oer4f (.text:CLI_MMWaveDataOutputMode)
                  0001964c    0000008c     libsoc_xwr68xx.aer4f : soc.oer4f (.text:SOC_init)
                  000196d8    0000008c                          : soc_xwr68xx.oer4f (.text:SOC_translateAddress)
                  00019764    0000008c     libuart_xwr68xx.aer4f : uartsci_dma.oer4f (.text:UartSci_initiateRxDMA)
                  000197f0    0000008c     libmmwavelink_xwr68xx.aer4f : rl_device.oer4f (.text:rlDevicePowerOn)
                  0001987c    0000008c                                 : rl_driver.oer4f (.text:rlDriverMsgReadSpawnCtx)
                  00019908    00000008                                 : rl_driver.oer4f (.text:rlDriverGetHandle)
                  00019910    0000008c     sysbios.aer4ft : BIOS.obj (.text:ti_sysbios_family_arm_v7a_Pmu_getCount__E)
                  0001999c    00000004     mmw_mss_per4ft.oer4ft (.text:ti_sysbios_BIOS_RtsGateProxy_leave__E)
                  000199a0    0000008c     sysbios.aer4ft : BIOS.obj (.text:ti_sysbios_family_arm_v7r_vim_Hwi_Instance_finalize__E)
                  00019a2c    00000004     mmw_mss_per4ft.oer4ft (.text:ti_sysbios_family_arm_TaskSupport_Module__startupDone__S)
                  00019a30    0000008c     sysbios.aer4ft : BIOS.obj (.text:xdc_runtime_Memory_alloc__E)
                  00019abc    00000088     objdetrangehwa.oer4f (.text:DPC_ObjectDetection_frameStart)
                  00019b44    00000088     libhwa_xwr68xx.aer4f : hwa.oer4f (.text:HWA_disableParamSetInterrupt)
                  00019bcc    00000088     libmmwave_xwr68xx.aer4f : mmwave_fullcfg.oer4f (.text:MMWave_getProfileCfg)
                  00019c54    00000086     libcbuff_xwr68xx.aer4f : cbuff_edma.oer4f (.text:CBUFF_closeEDMA)
                  00019cda    00000002     --HOLE-- [fill = 0]
                  00019cdc    00000084     libmmwave_xwr68xx.aer4f : mmwave_dualcore.oer4f (.text:MMWave_deviceCfgAsyncEvent)
                  00019d60    00000084                             : mmwave_dualcore.oer4f (.text:MMWave_deviceEventFxn)
                  00019de4    00000084                             : mmwave_fullcfg.oer4f (.text:MMWave_getNumBpmChirp)
                  00019e68    00000084                             : mmwave.oer4f (.text:MMWave_open)
                  00019eec    00000082     libhwa_xwr68xx.aer4f : hwa.oer4f (.text:HWA_paramDoneISR)
                  00019f6e    00000002     --HOLE-- [fill = 0]
                  00019f70    00000081     libcbuff_xwr68xx.aer4f : cbuff_edma.oer4f (.text:CBUFF_setupEDMAShadowLink)
                  00019ff1    00000003     --HOLE-- [fill = 0]
                  00019ff4    00000080     libcli_xwr68xx.aer4f : cli_mmwave.oer4f (.text:CLI_MMWaveChannelCfg)
                  0001a074    00000080     libdpm_xwr68xx.aer4f : dpm_mailbox.oer4f (.text:DPM_mboxRemoteMailboxCallbackFxn)
                  0001a0f4    00000080     libmmwave_xwr68xx.aer4f : mmwave_fullcfg.oer4f (.text:MMWave_getBpmChirpCfg)
                  0001a174    00000080     mmw_cli.oer4f (.text:MmwDemo_CLIAoAFovCfg)
                  0001a1f4    00000080     libsoc_xwr68xx.aer4f : soc.oer4f (.text:SOC_getDeviceRFFreqScaleFactor)
                  0001a274    00000080     libuart_xwr68xx.aer4f : uartsci.oer4f (.text:UartSci_writePolling)
                  0001a2f4    00000080     rtsv7R4_T_le_v3D16_eabi.lib : fflush.c.obj (.text:fflush)
                  0001a374    00000080     libmmwavelink_xwr68xx.aer4f : rl_driver.oer4f (.text:rlDriverExecuteGetApi)
                  0001a3f4    0000000c     rtsv7R4_T_le_v3D16_eabi.lib : fputc.c.obj (.text:putchar)
                  0001a400    00000080     sysbios.aer4ft : BIOS.obj (.text:ti_sysbios_timers_rti_Timer_initDevice__I)
                  0001a480    0000007e     libosal_xwr68xx.aer4f : HwiP_tirtos.oer4f (.text:HwiP_create)
                  0001a4fe    00000002     --HOLE-- [fill = 0]
                  0001a500    0000007d     libcbuff_xwr68xx.aer4f : cbuff_lvds.oer4f (.text:CBUFF_initLVDSLinkListParams)
                  0001a57d    00000003     --HOLE-- [fill = 0]
                  0001a580    0000007c     libdpm_xwr68xx.aer4f : dpm_pipe.oer4f (.text:DPM_pipeSend)
                  0001a5fc    0000007c     libedma_xwr68xx.aer4f : edma.oer4f (.text:EDMA_clearErrors)
                  0001a678    0000007c     libmmwave_xwr68xx.aer4f : mmwave_dualcore.oer4f (.text:MMWave_deviceOpenFxn)
                  0001a6f4    0000007c     libmailbox_xwr68xx.aer4f : mailbox.oer4f (.text:Mailbox_init)
                  0001a770    0000007c     mmw_lvds_stream.oer4f (.text:MmwDemo_LVDSStream_SwTriggerFrameDone)
                  0001a7ec    0000007c     libuart_xwr68xx.aer4f : uartsci.oer4f (.text:UartSci_readPolling)
                  0001a868    0000007c     sysbios.aer4ft : arm_TaskSupport_asm.obj (.text:_ti_sysbios_family_arm_TaskSupport_buildTaskStack)
                  0001a8e4    0000000c     libmmwavelink_xwr68xx.aer4f : rl_driver.oer4f (.text:rlDriverGetPlatformId)
                  0001a8f0    0000007c     sysbios.aer4ft : BIOS.obj (.text:xdc_runtime_Core_deleteObject__I)
                  0001a96c    0000007b     mmw_cli.oer4f (.text:MmwDemo_CLIGetSubframe)
                  0001a9e7    00000001     --HOLE-- [fill = 0]
                  0001a9e8    0000007a     rtsv7R4_T_le_v3D16_eabi.lib : _printfi.c.obj (.text:_mcpy)
                  0001aa62    0000007a                                 : memset_t2.asm.obj (.text)
                  0001aadc    00000078     libadcbuf_xwr68xx.aer4f : adcbuf_mmwave.oer4f (.text:ADCBUF_MMWave_getCQBufAddr)
                  0001ab54    00000078     libcbuff_xwr68xx.aer4f : cbuff_transfer.oer4f (.text:CBUFF_configUserBufferEDMA)
                  0001abcc    00000078                            : cbuff.oer4f (.text:CBUFF_setVC)
                  0001ac44    00000078     libcli_xwr68xx.aer4f : cli_mmwave.oer4f (.text:CLI_MMWaveADCCfg)
                  0001acbc    00000078     libedma_xwr68xx.aer4f : edma.oer4f (.text:EDMA_configParamSet)
                  0001ad34    00000078     libmmwave_xwr68xx.aer4f : mmwave_fullcfg.oer4f (.text:MMWave_getNumChirps)
                  0001adac    00000078     libqspiflash_xwr68xx.aer4f : qspiflash.oer4f (.text:QSPIFlash_mmapRead)
                  0001ae24    00000078                                : qspiflash.oer4f (.text:QSPIFlash_sectorErase)
                  0001ae9c    00000078     libqspi_xwr68xx.aer4f : qspi.oer4f (.text:QSPI_cfgRead)
                  0001af14    00000077                           : qspi.oer4f (.text:QSPI_memAccessCfg)
                  0001af8b    00000001     --HOLE-- [fill = 0]
                  0001af8c    00000074     objdetrangehwa.oer4f (.text:DPC_ObjectDetection_start)
                  0001b000    00000074     libmmwave_xwr68xx.aer4f : mmwave.oer4f (.text:MMWave_config)
                  0001b074    00000074                             : mmwave_dualcore.oer4f (.text:MMWave_deviceStartFxn)
                  0001b0e8    00000074     rtsv7R4_T_le_v3D16_eabi.lib : fclose.c.obj (.text:__TI_closefile)
                  0001b15c    00000074     boot.aer4ft : boot.oer4ft (.text)
                  0001b1d0    00000074     rtsv7R4_T_le_v3D16_eabi.lib : s_frexp.c.obj (.text:frexp)
                  0001b244    00000074     libmmwavelink_xwr68xx.aer4f : rl_driver.oer4f (.text:rlDriverAsyncEventHandler)
                  0001b2b8    00000072                                 : rl_driver.oer4f (.text:rlDriverClientCbCheck)
                  0001b32a    00000002     --HOLE-- [fill = 0]
                  0001b32c    00000070     libhsiheader_xwr68xx.aer4f : hsiheader.oer4f (.text:HSIHeader_deleteHeader)
                  0001b39c    00000070     libhwa_xwr68xx.aer4f : hwa.oer4f (.text:HWA_getDriverAccess)
                  0001b40c    00000070     libmmwave_xwr68xx.aer4f : mmwave_dualcore.oer4f (.text:MMWave_deviceCfgFxn)
                  0001b47c    00000070     mmw_cli.oer4f (.text:MmwDemo_CLIGuiMonSel)
                  0001b4ec    00000070     mmwdemo_flash.oer4f (.text:mmwDemo_flashInit)
                  0001b55c    00000004     mmw_mss_per4ft.oer4ft (.text:ti_sysbios_family_arm_v7r_vim_Hwi_delete)
                  0001b560    00000070     sysbios.aer4ft : BIOS.obj (.text:xdc_runtime_Error_print__E)
                  0001b5d0    0000006c     libdma_xwr68xx.aer4f : dma.oer4f (.text:DMA_disableChannel)
                  0001b63c    0000006c                          : dma.oer4f (.text:DMA_enableChannel)
                  0001b6a8    0000006c     libdpm_xwr68xx.aer4f : dpm_core.oer4f (.text:DPM_relayResult)
                  0001b714    0000006c     rtsv7R4_T_le_v3D16_eabi.lib : hostrename.c.obj (.text:HOSTrename)
                  0001b780    0000006c     libmmwave_xwr68xx.aer4f : mmwave_link.oer4f (.text:MMWave_spawn)
                  0001b7ec    0000006c                             : mmwave_link.oer4f (.text:MMWave_stopLink)
                  0001b858    0000006c     mmw_lvds_stream.oer4f (.text:MmwDemo_LVDSStream_EDMAFreeCBUFFHwChannel)
                  0001b8c4    0000006c     mmw_lvds_stream.oer4f (.text:MmwDemo_LVDSStream_EDMAFreeCBUFFSwChannel)
                  0001b930    0000006c     mmw_lvds_stream.oer4f (.text:MmwDemo_LVDSStream_HwTriggerFrameDone)
                  0001b99c    0000006c     libpinmux_xwr68xx.aer4f : pinmux.oer4f (.text:Pinmux_Set_FuncSel)
                  0001ba08    0000006c     libqspiflash_xwr68xx.aer4f : qspiflash.oer4f (.text:QSPIFlashReadSFDP)
                  0001ba74    0000006c     libqspi_xwr68xx.aer4f : qspi.oer4f (.text:QSPI_cfgWrite)
                  0001bae0    0000006c     rtsv7R4_T_le_v3D16_eabi.lib : copy_decompress_lzss.c.obj (.text:decompress:lzss:__TI_decompress_lzss)
                  0001bb4c    0000006a     libuart_xwr68xx.aer4f : uartsci.oer4f (.text:UartSci_control)
                  0001bbb6    00000002     --HOLE-- [fill = 0]
                  0001bbb8    00000068     libdpm_xwr68xx.aer4f : dpm_msg.oer4f (.text:DPM_msgDPCCfgHandler)
                  0001bc20    00000068     rtsv7R4_T_le_v3D16_eabi.lib : hostlseek.c.obj (.text:HOSTlseek)
                  0001bc88    00000068     libmmwave_xwr68xx.aer4f : mmwave_dualcore.oer4f (.text:MMWave_deviceStopFxn)
                  0001bcf0    00000068     libmailbox_xwr68xx.aer4f : mailbox.oer4f (.text:Mailbox_readFlush)
                  0001bd58    00000068     mss_main.oer4f (.text:MmwDemo_convertCfarToLinear)
                  0001bdc0    00000068     rtsv7R4_T_le_v3D16_eabi.lib : sscanf.c.obj (.text:_chkmbc)
                  0001be28    00000068     librangeproc_hwa_xwr68xx.aer4f : rangeprochwa.oer4f (.text:rangeProcHWA_ConfigEDMATranspose)
                  0001be90    00000068                                    : rangeprochwa.oer4f (.text:rangeProcHWA_ConfigHWACommon)
                  0001bef8    00000068     libmmwavelink_xwr68xx.aer4f : rl_driver.oer4f (.text:rlDriverExecuteSetApi)
                  0001bf60    00000068                                 : rl_driver.oer4f (.text:rlDriverHostIrqHandler)
                  0001bfc8    00000066                                 : rl_device.oer4f (.text:rlDevicePowerOff)
                  0001c02e    00000002     --HOLE-- [fill = 0]
                  0001c030    00000064     libcli_xwr68xx.aer4f : cli_mmwave.oer4f (.text:CLI_MMWaveLowPowerCfg)
                  0001c094    00000064     libedma_xwr68xx.aer4f : edma.oer4f (.text:EDMA_getTransferControllerErrorStatusInfo)
                  0001c0f8    00000064     libhwa_xwr68xx.aer4f : hwa.oer4f (.text:HWA_getDMAChanIndex)
                  0001c15c    00000064     libosal_xwr68xx.aer4f : SemaphoreP_tirtos.oer4f (.text:SemaphoreP_create)
                  0001c1c0    00000064     rtsv7R4_T_le_v3D16_eabi.lib : _io_perm.c.obj (.text:__TI_wrt_ok)
                  0001c224    00000064                                 : fseek.c.obj (.text:fseek)
                  0001c288    00000064     sysbios.aer4ft : exc_Exception_asm.obj (.text:ti_sysbios_family_arm_exc_Exception_initCore0__I)
                  0001c2ec    00000004     mmw_mss_per4ft.oer4ft (.text:ti_sysbios_heaps_HeapMem_Module_GateProxy_enter__E)
                  0001c2f0    00000064     sysbios.aer4ft : BIOS.obj (.text:ti_sysbios_family_arm_v7r_vim_Hwi_phantomIntHandler__I)
                  0001c354    0000000c                    : BIOS.obj (.text:ti_sysbios_family_arm_v7a_Pmu_configureCounterI__I)
                  0001c360    00000064                    : BIOS.obj (.text:ti_sysbios_knl_Clock_logTick__E)
                  0001c3c4    0000000c                    : BIOS.obj (.text:ti_sysbios_family_arm_v7a_Pmu_getCountI__E)
                  0001c3d0    00000064                    : BIOS.obj (.text:ti_sysbios_utils_Load_logCPULoad__I)
                  0001c434    0000000c     mmw_mss_per4ft.oer4ft (.text:ti_sysbios_knl_Queue_Object__get__S)
                  0001c440    00000064     sysbios.aer4ft : BIOS.obj (.text:xdc_runtime_Startup_exec__E)
                  0001c4a4    00000062     mmw_cli.oer4f (.text:MmwDemo_CLICfarFovCfg)
                  0001c506    00000002     --HOLE-- [fill = 0]
                  0001c508    00000060     libcli_xwr68xx.aer4f : cli_mmwave.oer4f (.text:CLI_MMWaveExtensionHandler)
                  0001c568    00000060     libosal_xwr68xx.aer4f : DebugP_tirtos.oer4f (.text:DebugP_log2)
                  0001c5c8    00000060                           : DebugP_tirtos.oer4f (.text:DebugP_log3)
                  0001c628    00000008     sysbios.aer4ft : BIOS.obj (.text:ti_sysbios_family_arm_v7a_Pmu_getEnabled__E)
                  0001c630    00000060                    : BIOS.obj (.text:ti_sysbios_heaps_HeapMem_alloc__E)
                  0001c690    00000060                    : BIOS.obj (.text:xdc_runtime_Assert_raise__I)
                  0001c6f0    0000005f                    : BIOS.obj (.text:xdc_runtime_Text_putLab__E)
                  0001c74f    00000001     --HOLE-- [fill = 0]
                  0001c750    0000005e     libuart_xwr68xx.aer4f : uartsci.oer4f (.text:UartSci_writeChar)
                  0001c7ae    00000002     --HOLE-- [fill = 0]
                  0001c7b0    0000005c     rtsv7R4_T_le_v3D16_eabi.lib : hostopen.c.obj (.text:HOSTopen)
                  0001c80c    0000005c                                 : hostread.c.obj (.text:HOSTread)
                  0001c868    0000005c     libmmwave_xwr68xx.aer4f : mmwave_link.oer4f (.text:MMWave_mboxOpen)
                  0001c8c4    0000005c                             : mmwave.oer4f (.text:MMWave_stop)
                  0001c920    0000005c     mss_main.oer4f (.text:MmwDemo_mmWaveCtrlTask)
                  0001c97c    0000005c     libqspiflash_xwr68xx.aer4f : qspiflash.oer4f (.text:QSPIFlashGetDeviceID)
                  0001c9d8    0000005c     libsoc_xwr68xx.aer4f : soc.oer4f (.text:SOC_enableLVDS)
                  0001ca34    0000000a     libadcbuf_xwr68xx.aer4f : ADCBuf.oer4f (.text:ADCBuf_control)
                  0001ca3e    00000002     --HOLE-- [fill = 0]
                  0001ca40    0000005c     sysbios.aer4ft : BIOS.obj (.text:ti_sysbios_utils_Load_updateCurrentThreadTime__E)
                  0001ca9c    0000005a     libuart_xwr68xx.aer4f : uartsci.oer4f (.text:UartSci_readCancel)
                  0001caf6    0000005a     libmmwavelink_xwr68xx.aer4f : rl_driver.oer4f (.text:rlDriverCalChkSum)
                  0001cb50    00000058     libdpm_xwr68xx.aer4f : dpm_core.oer4f (.text:DPM_execute)
                  0001cba8    00000058                          : dpm_mailbox.oer4f (.text:DPM_mboxInit)
                  0001cc00    00000058     libosal_xwr68xx.aer4f : DebugP_tirtos.oer4f (.text:DebugP_log0)
                  0001cc58    00000058                           : DebugP_tirtos.oer4f (.text:DebugP_log1)
                  0001ccb0    00000058     libedma_xwr68xx.aer4f : edma_low_level.oer4f (.text:EDMA3EnableChInShadowReg)
                  0001cd08    00000058     libesm_xwr68xx.aer4f : esm.oer4f (.text:ESM_highpriority_FIQ)
                  0001cd60    00000058     rtsv7R4_T_le_v3D16_eabi.lib : hostwrite.c.obj (.text:HOSTwrite)
                  0001cdb8    00000058     libhwa_xwr68xx.aer4f : hwa.oer4f (.text:HWA_getDMAconfig)
                  0001ce10    00000058     libmmwave_xwr68xx.aer4f : mmwave.oer4f (.text:MMWave_execute)
                  0001ce68    00000058                             : mmwave_link.oer4f (.text:MMWave_initCRC)
                  0001cec0    00000058     mmw_cli.oer4f (.text:MmwDemo_CLISensorStop)
                  0001cf18    00000058     mss_main.oer4f (.text:MmwDemo_EDMA_errorCallbackFxn)
                  0001cf70    00000058     mss_main.oer4f (.text:MmwDemo_EDMA_transferControllerErrorCallbackFxn)
                  0001cfc8    00000058     libqspiflash_xwr68xx.aer4f : qspiflash.oer4f (.text:QSPIFlash_configMmapWrite)
                  0001d020    00000058     libuart_xwr68xx.aer4f : uartsci_dma.oer4f (.text:UartSci_closeDMA)
                  0001d078    00000058     rtsv7R4_T_le_v3D16_eabi.lib : close.c.obj (.text:close)
                  0001d0d0    00000058     mmwdemo_flash.oer4f (.text:mmwDemo_flashRead)
                  0001d128    00000056     libmmwavelink_xwr68xx.aer4f : rl_driver.oer4f (.text:rlDriverOsiCbCheck)
                  0001d17e    00000002     --HOLE-- [fill = 0]
                  0001d180    00000054     libcrc_xwr68xx.aer4f : crc.oer4f (.text:CRC_getTransactionId)
                  0001d1d4    00000054     libdma_xwr68xx.aer4f : dma.oer4f (.text:DMA_freeChannel)
                  0001d228    00000054     libedma_xwr68xx.aer4f : edma.oer4f (.text:EDMA_error_isr)
                  0001d27c    00000054     libmmwave_xwr68xx.aer4f : mmwave_link.oer4f (.text:MMWave_initLink)
                  0001d2d0    00000054     mss_main.oer4f (.text:MmwDemo_CfgUpdate)
                  0001d324    00000054     mss_main.oer4f (.text:MmwDemo_resetStaticCfgPendingState)
                  0001d378    00000054     libqspiflash_xwr68xx.aer4f : qspiflash.oer4f (.text:QSPIFlash_writeEnable)
                  0001d3cc    00000054     rtsv7R4_T_le_v3D16_eabi.lib : _ltoa.c.obj (.text:__TI_ltoa)
                  0001d420    00000054     mmw_mss_per4ft.oer4ft (.text:ti_sysbios_family_arm_v7r_vim_Hwi_create)
                  0001d474    0000000a     libadcbuf_xwr68xx.aer4f : ADCBuf.oer4f (.text:ADCBuf_getChanBufAddr)
                  0001d47e    00000002     --HOLE-- [fill = 0]
                  0001d480    00000054     sysbios.aer4ft : BIOS.obj (.text:ti_sysbios_heaps_HeapMem_getStats__E)
                  0001d4d4    0000000a     libcbuff_xwr68xx.aer4f : cbuff_lvds.oer4f (.text:CBUFF_deinitLVDS)
                  0001d4de    00000002     --HOLE-- [fill = 0]
                  0001d4e0    00000054     sysbios.aer4ft : BIOS.obj (.text:xdc_runtime_Core_assignLabel__I)
                  0001d534    00000052     libdpedma_hwa_xwr68xx.aer4f : dpedma.oer4f (.text:DPEDMA_setup_shadow_link)
                  0001d586    00000052     rtsv7R4_T_le_v3D16_eabi.lib : _printfi.c.obj (.text:_ecpy)
                  0001d5d8    00000050     libcrc_xwr68xx.aer4f : crc.oer4f (.text:CRC_getSignature)
                  0001d628    00000050     libdpm_xwr68xx.aer4f : dpm_core.oer4f (.text:DPM_synch)
                  0001d678    00000050     libedma_xwr68xx.aer4f : edma_low_level.oer4f (.text:EDMA3MapChToEvtQ)
                  0001d6c8    00000050     libmmwave_xwr68xx.aer4f : mmwave.oer4f (.text:MMWave_sync)
                  0001d718    00000050     mmw_cli.oer4f (.text:MmwDemo_CLIMultiObjBeamForming)
                  0001d768    00000050     mmw_cli.oer4f (.text:MmwDemo_CLIQueryDemoStatus)
                  0001d7b8    00000050     rtsv7R4_T_le_v3D16_eabi.lib : _printfi.c.obj (.text:_pconv_f)
                  0001d808    00000050                                 : atoi.c.obj (.text:atoi)
                  0001d858    00000050     mss_main.oer4f (.text:mmwDemo_mssDPMTask)
                  0001d8a8    00000050     libmmwavelink_xwr68xx.aer4f : rl_driver.oer4f (.text:rlDeviceIdentifyCmdDir)
                  0001d8f8    00000050                                 : rl_driver.oer4f (.text:rlDriverVerifyCRC)
                  0001d948    00000050     rtsv7R4_T_le_v3D16_eabi.lib : u_div32.asm.obj (.text)
                  0001d998    00000008     mmw_mss_per4ft.oer4ft (.text:xdc_runtime_Text_visitRope__I)
                  0001d9a0    00000050     sysbios.aer4ft : BIOS.obj (.text:xdc_runtime_System_exit__E)
                  0001d9f0    0000004c     libcli_xwr68xx.aer4f : cli.oer4f (.text:CLI_write)
                  0001da3c    0000004c     libedma_xwr68xx.aer4f : edma.oer4f (.text:EDMA_disableChannel)
                  0001da88    0000004c                           : edma.oer4f (.text:EDMA_enableChannel)
                  0001dad4    0000004c     libhwa_xwr68xx.aer4f : hwa.oer4f (.text:HWA_enableDoneInterrupt)
                  0001db20    0000004c     libmailbox_xwr68xx.aer4f : mailbox.oer4f (.text:Mailbox_boxEmptyISRProcessing)
                  0001db6c    0000004c     libqspiflash_xwr68xx.aer4f : qspiflash_device_macronix.oer4f (.text:QSPIFlash_macronix_init)
                  0001dbb8    0000004c     libuart_xwr68xx.aer4f : uartsci.oer4f (.text:UartSci_writeCancel)
                  0001dc04    0000004c     rtsv7R4_T_le_v3D16_eabi.lib : fflush.c.obj (.text:__TI_doflush)
                  0001dc50    0000004c                                 : cpy_tbl.c.obj (.text:copy_in)
                  0001dc9c    00000004     mmw_mss_per4ft.oer4ft (.text:ti_sysbios_heaps_HeapMem_Module_GateProxy_leave__E)
                  0001dca0    0000004c     sysbios.aer4ft : BIOS.obj (.text:ti_sysbios_family_arm_v7r_vim_Hwi_getStackInfo__E)
                  0001dcec    0000004c     mmw_mss_per4ft.oer4ft (.text:ti_sysbios_knl_Task_create)
                  0001dd38    00000006     libosal_xwr68xx.aer4f : CycleprofilerP_tirtos.oer4f (.text:CycleprofilerP_getTimeStamp)
                  0001dd3e    00000002     --HOLE-- [fill = 0]
                  0001dd40    0000004c     sysbios.aer4ft : BIOS.obj (.text:ti_sysbios_knl_Task_stat__E)
                  0001dd8c    00000004     mmw_mss_per4ft.oer4ft (.text:ti_sysbios_knl_Clock_TimerProxy_getMaxTicks__E)
                  0001dd90    0000004c     sysbios.aer4ft : BIOS.obj (.text:ti_sysbios_utils_Load_taskSwitchHook__E)
                  0001dddc    0000004a     libdpm_xwr68xx.aer4f : dpm_mailbox.oer4f (.text:DPM_mboxSendResult)
                  0001de26    0000004a     libmailbox_xwr68xx.aer4f : mailbox.oer4f (.text:Mailbox_boxFullISRProcessing)
                  0001de70    0000004a     sysbios.aer4ft : BIOS.obj (.text:xdc_runtime_Core_assignParams__I)
                  0001deba    00000006     objdetrangehwa.oer4f (.text:DPC_ObjDetRangeHwa_GetRangeWinGenLen)
                  0001dec0    0000004a     sysbios.aer4ft : BIOS.obj (.text:xdc_runtime_Text_xprintf__I)
                  0001df0a    00000002     --HOLE-- [fill = 0]
                  0001df0c    00000049     mmw_lvds_stream.oer4f (.text:MmwDemo_LVDSStream_EDMAAllocateCBUFFChannel)
                  0001df55    00000001     --HOLE-- [fill = 0]
                  0001df56    00000048     libcbuff_xwr68xx.aer4f : cbuff_transfer.oer4f (.text:CBUFF_setup_USER)
                  0001df9e    00000048     libdpm_xwr68xx.aer4f : dpm_pipe.oer4f (.text:DPM_pipeRecv)
                  0001dfe6    00000002     --HOLE-- [fill = 0]
                  0001dfe8    00000048     libhwa_xwr68xx.aer4f : hwa.oer4f (.text:HWA_deleteInstance)
                  0001e030    00000048     mmwdemo_flash.oer4f (.text:mmwDemo_flashWrite)
                  0001e078    00000048     libmmwavelink_xwr68xx.aer4f : rl_device.oer4f (.text:rlDeviceGetVersion)
                  0001e0c0    00000048                                 : rl_driver.oer4f (.text:rlDriverOsiInit)
                  0001e108    00000048     mmw_mss_per4ft.oer4ft (.text:xdc_runtime_LoggerBuf_Object__create__S)
                  0001e150    00000046     libmailbox_xwr68xx.aer4f : mailbox.oer4f (.text:CSL_FINSR)
                  0001e196    00000002     --HOLE-- [fill = 0]
                  0001e198    00000044     libadcbuf_xwr68xx.aer4f : adcbuf_mmwave.oer4f (.text:ADCBUF_MMWave_close)
                  0001e1dc    00000044     libcrc_xwr68xx.aer4f : crc.oer4f (.text:CRC_resetSignature)
                  0001e220    00000044     objdetrangehwa.oer4f (.text:DPC_ObjectDetection_stop)
                  0001e264    00000044     libdpm_xwr68xx.aer4f : dpm_core.oer4f (.text:DPM_start)
                  0001e2a8    00000044                          : dpm_core.oer4f (.text:DPM_stop)
                  0001e2ec    00000044     rtsv7R4_T_le_v3D16_eabi.lib : hostclose.c.obj (.text:HOSTclose)
                  0001e330    00000044                                 : hostunlink.c.obj (.text:HOSTunlink)
                  0001e374    00000044     libmailbox_xwr68xx.aer4f : mailbox.oer4f (.text:Mailbox_boxFullISRMssDss)
                  0001e3b8    00000044     libsoc_xwr68xx.aer4f : soc_xwr68xx_mss.oer4f (.text:SOC_resetDMA)
                  0001e3fc    00000044     rtsv7R4_T_le_v3D16_eabi.lib : exit.c.obj (.text:exit)
                  0001e440    00000044                                 : getdevice.c.obj (.text:getdevice)
                  0001e484    0000000a     libdpm_xwr68xx.aer4f : dpm_core.oer4f (.text:DPM_chirpISR)
                  0001e48e    00000002     --HOLE-- [fill = 0]
                  0001e490    00000044     sysbios.aer4ft : BIOS.obj (.text:ti_sysbios_family_arm_v7r_tms570_Core_Module_startup__E)
                  0001e4d4    0000000a     libdpm_xwr68xx.aer4f : dpm_core.oer4f (.text:DPM_frameStartISR)
                  0001e4de    00000002     --HOLE-- [fill = 0]
                  0001e4e0    00000044     sysbios.aer4ft : BIOS.obj (.text:ti_sysbios_knl_Task_allBlockedFunction__I)
                  0001e524    0000000a     libosal_xwr68xx.aer4f : MemoryP_tirtos.oer4f (.text:MemoryP_ctrlFree)
                  0001e52e    00000002     --HOLE-- [fill = 0]
                  0001e530    00000044     sysbios.aer4ft : BIOS.obj (.text:xdc_runtime_LoggerBuf_Module_startup__E)
                  0001e574    0000000a     libosal_xwr68xx.aer4f : SemaphoreP_tirtos.oer4f (.text:SemaphoreP_post)
                  0001e57e    00000002     --HOLE-- [fill = 0]
                  0001e580    00000044     sysbios.aer4ft : BIOS.obj (.text:xdc_runtime_System_atexit__E)
                  0001e5c4    00000042     libcbuff_xwr68xx.aer4f : cbuff_lvds.oer4f (.text:CBUFF_closeLVDS)
                  0001e606    00000042     libedma_xwr68xx.aer4f : edma.oer4f (.text:EDMA_transferController_error_isr)
                  0001e648    00000042     libhwa_xwr68xx.aer4f : hwa.oer4f (.text:HWA_reset)
                  0001e68a    00000042     libmmwave_xwr68xx.aer4f : mmwave_link.oer4f (.text:MMWave_executeLink)
                  0001e6cc    00000042     libmmwavelink_xwr68xx.aer4f : rl_controller.oer4f (.text:rlGetSubBlock)
                  0001e70e    00000002     --HOLE-- [fill = 0]
                  0001e710    00000040     libedma_xwr68xx.aer4f : edma.oer4f (.text:EDMA_linkParamSets)
                  0001e750    00000040     libhwa_xwr68xx.aer4f : hwa.oer4f (.text:HWA_getHWAMemInfo)
                  0001e790    00000040     mmw_cli.oer4f (.text:MmwDemo_CLIClutterRemoval)
                  0001e7d0    00000040     mmw_cli.oer4f (.text:MmwDemo_CLIExtendedMaxVelocity)
                  0001e810    00000040     libqspiflash_xwr68xx.aer4f : qspiflash.oer4f (.text:QSPIFlash_progQuadRead)
                  0001e850    00000040                                : qspiflash_device_spansion.oer4f (.text:QSPIFlash_spansion_init)
                  0001e890    00000040     rtsv7R4_T_le_v3D16_eabi.lib : _printfi.c.obj (.text:_fcpy)
                  0001e8d0    00000040     libmmwavelink_xwr68xx.aer4f : rl_driver.oer4f (.text:rlDriverValidateHdr)
                  0001e910    00000040     rtsv7R4_T_le_v3D16_eabi.lib : sprintf.c.obj (.text:sprintf)
                  0001e950    00000040                                 : strtok.c.obj (.text:strtok)
                  0001e990    00000040     sysbios.aer4ft : BIOS.obj (.text:ti_sysbios_timers_rti_Timer_stop__E)
                  0001e9d0    00000040     rtsv7R4_T_le_v3D16_eabi.lib : vsnprintf.c.obj (.text:vsnprintf)
                  0001ea10    0000003e     libadcbuf_xwr68xx.aer4f : adcbuf_mmwave.oer4f (.text:CSL_FINSR)
                  0001ea4e    0000003e     libcbuff_xwr68xx.aer4f : cbuff.oer4f (.text:CSL_FINSR)
                  0001ea8c    0000003e                            : cbuff_lvds.oer4f (.text:CSL_FINSR)
                  0001eaca    0000003e     libcrc_xwr68xx.aer4f : crc.oer4f (.text:CSL_FINSR)
                  0001eb08    0000003e     libdma_xwr68xx.aer4f : dma.oer4f (.text:CSL_FINSR)
                  0001eb46    0000003e     libgpio_xwr68xx.aer4f : gpio.oer4f (.text:CSL_FINSR)
                  0001eb84    0000003e     libhwa_xwr68xx.aer4f : hwa.oer4f (.text:CSL_FINSR)
                  0001ebc2    0000003e     libpinmux_xwr68xx.aer4f : pinmux.oer4f (.text:CSL_FINSR)
                  0001ec00    0000003e     libqspi_xwr68xx.aer4f : qspi.oer4f (.text:CSL_FINSR)
                  0001ec3e    0000003e     libsoc_xwr68xx.aer4f : soc.oer4f (.text:CSL_FINSR)
                  0001ec7c    0000003e                          : soc_xwr68xx.oer4f (.text:CSL_FINSR)
                  0001ecba    0000003e                          : soc_xwr68xx_mss.oer4f (.text:CSL_FINSR)
                  0001ecf8    0000003e     libuart_xwr68xx.aer4f : uartsci.oer4f (.text:CSL_FINSR)
                  0001ed36    0000003e     libdpm_xwr68xx.aer4f : dpm_msg.oer4f (.text:DPM_msgStopHandler)
                  0001ed74    0000003e     libhwa_xwr68xx.aer4f : hwa.oer4f (.text:HWA_enable)
                  0001edb2    0000003e     libmmwave_xwr68xx.aer4f : mmwave.oer4f (.text:MMWave_decodeError)
                  0001edf0    0000003e     libuart_xwr68xx.aer4f : uartsci.oer4f (.text:UartSci_close)
                  0001ee2e    0000003e     mmwdemo_monitor.oer4f (.text:mmwDemo_cfgAnalogMonitor)
                  0001ee6c    0000003c     libcbuff_xwr68xx.aer4f : cbuff_transfer.oer4f (.text:CBUFF_configCQEDMA)
                  0001eea8    0000003c     libcli_xwr68xx.aer4f : cli_mmwave.oer4f (.text:CLI_MMWaveFlushCfg)
                  0001eee4    0000003c     libedma_xwr68xx.aer4f : edma.oer4f (.text:EDMA_chainChannels)
                  0001ef20    0000003c     libmailbox_xwr68xx.aer4f : mailbox.oer4f (.text:Mailbox_writeReset)
                  0001ef5c    0000003c     libsoc_xwr68xx.aer4f : soc_xwr68xx_mss.oer4f (.text:SOC_isSecureDevice)
                  0001ef98    0000003c                          : soc.oer4f (.text:SOC_unhaltBSS)
                  0001efd4    0000003c     rtsv7R4_T_le_v3D16_eabi.lib : trgmsg.c.obj (.text:__TI_writemsg)
                  0001f010    0000003c     sysbios.aer4ft : vim_Hwi_asm.obj (.text:ti_sysbios_family_arm_v7r_vim_Hwi_init__I)
                  0001f04c    00000004     mmw_mss_per4ft.oer4ft (.text:ti_sysbios_knl_Semaphore_delete)
                  0001f050    0000003c     sysbios.aer4ft : BIOS.obj (.text:ti_sysbios_hal_Hwi_checkStack)
                  0001f08c    00000004     mmw_mss_per4ft.oer4ft (.text:xdc_runtime_LoggerBuf_Module_GateProxy_enter__E)
                  0001f090    0000003c     sysbios.aer4ft : BIOS.obj (.text:ti_sysbios_heaps_HeapMem_init__I)
                  0001f0cc    0000003a     libhwa_xwr68xx.aer4f : hwa.oer4f (.text:HWA_setDMA2ACCManualTrig)
                  0001f106    00000002     --HOLE-- [fill = 0]
                  0001f108    0000003a     libosal_xwr68xx.aer4f : HwiP_tirtos.oer4f (.text:HwiP_delete)
                  0001f142    00000038     libcbuff_xwr68xx.aer4f : cbuff_transfer.oer4f (.text:CBUFF_addUserBufferLLEntry)
                  0001f17a    00000038                            : cbuff_transfer.oer4f (.text:CBUFF_setupHeader)
                  0001f1b2    00000002     --HOLE-- [fill = 0]
                  0001f1b4    00000038     libcli_xwr68xx.aer4f : cli_mmwave.oer4f (.text:CLI_MMWaveExtensionInit)
                  0001f1ec    00000038     objdetrangehwa.oer4f (.text:DPC_ObjectDetection_deinit)
                  0001f224    00000038     libdpm_xwr68xx.aer4f : dpm_core.oer4f (.text:DPM_notifyExecute)
                  0001f25c    00000038     libedma_xwr68xx.aer4f : edma_low_level.oer4f (.text:EDMA3ClrMissEvt)
                  0001f294    00000038     libuart_xwr68xx.aer4f : UART.oer4f (.text:UART_init)
                  0001f2cc    00000038     rtsv7R4_T_le_v3D16_eabi.lib : sscanf.c.obj (.text:sscanf)
                  0001f304    00000036     libmmwavelink_xwr68xx.aer4f : rl_controller.oer4f (.text:rlAppendSubBlock)
                  0001f33a    00000036     rtsv7R4_T_le_v3D16_eabi.lib : strncpy.c.obj (.text:strncpy)
                  0001f370    00000034     libadcbuf_xwr68xx.aer4f : ADCBuf.oer4f (.text:ADCBuf_open)
                  0001f3a4    00000034     libedma_xwr68xx.aer4f : edma.oer4f (.text:EDMA_configTransferControllerError)
                  0001f3d8    00000034     libhwa_xwr68xx.aer4f : hwa.oer4f (.text:HWA_disableDoneInterrupt)
                  0001f40c    00000034     libmmwave_xwr68xx.aer4f : mmwave_link.oer4f (.text:MMWave_mboxWrite)
                  0001f440    00000034     libsoc_xwr68xx.aer4f : soc_xwr68xx.oer4f (.text:SOC_enableHWA)
                  0001f474    00000034                          : soc_xwr68xx_mss.oer4f (.text:SOC_hasDSPCore)
                  0001f4a8    00000034                          : soc_xwr68xx.oer4f (.text:SOC_setMMWaveDSSLinkState)
                  0001f4dc    00000034                          : soc_xwr68xx.oer4f (.text:SOC_setMMWaveMSSLinkState)
                  0001f510    00000034                          : soc_xwr68xx.oer4f (.text:SOC_setMSSLinkState)
                  0001f544    00000034     libuart_xwr68xx.aer4f : UART.oer4f (.text:UART_open)
                  0001f578    00000034     rtsv7R4_T_le_v3D16_eabi.lib : fopen.c.obj (.text:__TI_cleanup)
                  0001f5ac    00000034                                 : trgmsg.c.obj (.text:__TI_readmsg)
                  0001f5e0    00000034                                 : getdevice.c.obj (.text:finddevice)
                  0001f614    0000000a     libuart_xwr68xx.aer4f : UART.oer4f (.text:UART_close)
                  0001f61e    00000002     --HOLE-- [fill = 0]
                  0001f620    00000034     sysbios.aer4ft : BIOS.obj (.text:ti_sysbios_family_arm_a15_TimestampProvider_get64__E)
                  0001f654    00000034     mmw_mss_per4ft.oer4ft (.text:ti_sysbios_knl_Semaphore_create)
                  0001f688    00000032     libcrc_xwr68xx.aer4f : crc.oer4f (.text:CRC_getCRCDataSelectBitValue)
                  0001f6ba    00000002     --HOLE-- [fill = 0]
                  0001f6bc    00000032                          : crc.oer4f (.text:CRC_getCRCTypeBitValue)
                  0001f6ee    00000032     libedma_xwr68xx.aer4f : edma.oer4f (.text:EDMA_configQueueThreshold)
                  0001f720    00000032     libhwa_xwr68xx.aer4f : hwa.oer4f (.text:HWA_allParamDoneISR)
                  0001f752    0000000e     rtsv7R4_T_le_v3D16_eabi.lib : copy_decompress_none.c.obj (.text:decompress:none:__TI_decompress_none)
                  0001f760    00000032     sysbios.aer4ft : BIOS.obj (.text:ti_sysbios_hal_Hwi_initStack)
                  0001f792    00000002     --HOLE-- [fill = 0]
                  0001f794    00000030     libadcbuf_xwr68xx.aer4f : ADCBuf.oer4f (.text:ADCBuf_init)
                  0001f7c4    00000030     libcbuff_xwr68xx.aer4f : cbuff_transfer.oer4f (.text:CBUFF_addCQLLEntry)
                  0001f7f4    00000030     libmmwave_xwr68xx.aer4f : mmwave_listlib.oer4f (.text:MMWave_listRemoveNode)
                  0001f824    00000030     libsoc_xwr68xx.aer4f : soc.oer4f (.text:SOC_getDevicePartNumber)
                  0001f854    00000030     rtsv7R4_T_le_v3D16_eabi.lib : vsnprintf.c.obj (.text:_outs)
                  0001f884    00000030     libmmwavelink_xwr68xx.aer4f : rl_sensor.oer4f (.text:rlSensorStart)
                  0001f8b4    00000030     mmw_mss_per4ft.oer4ft (.text:ti_sysbios_BIOS_startFunc__I)
                  0001f8e4    0000000a     libuart_xwr68xx.aer4f : UART.oer4f (.text:UART_read)
                  0001f8ee    00000002     --HOLE-- [fill = 0]
                  0001f8f0    00000030     sysbios.aer4ft : BIOS.obj (.text:ti_sysbios_family_arm_TaskSupport_start__E)
                  0001f920    00000030     mmw_mss_per4ft.oer4ft (.text:ti_sysbios_gates_GateHwi_Object__create__S)
                  0001f950    00000030     mmw_mss_per4ft.oer4ft (.text:ti_sysbios_gates_GateMutex_Object__create__S)
                  0001f980    00000030     mmw_mss_per4ft.oer4ft (.text:ti_sysbios_heaps_HeapMem_Object__create__S)
                  0001f9b0    00000030     sysbios.aer4ft : BIOS.obj (.text:ti_sysbios_heaps_HeapMem_free__E)
                  0001f9e0    00000030     mmw_mss_per4ft.oer4ft (.text:ti_sysbios_knl_Semaphore_construct)
                  0001fa10    0000002f     sysbios.aer4ft : BIOS.obj (.text:xdc_runtime_Text_printVisFxn__I)
                  0001fa3f    00000001     --HOLE-- [fill = 0]
                  0001fa40    0000002e     libdpm_xwr68xx.aer4f : dpm_msg.oer4f (.text:DPM_msgStartHandler)
                  0001fa6e    0000002e     objdetrangehwa.oer4f (.text:_DPC_Objdet_Assert)
                  0001fa9c    00000004     mmw_mss_per4ft.oer4ft (.text:xdc_runtime_LoggerBuf_Module_GateProxy_leave__E)
                  0001faa0    0000002e     sysbios.aer4ft : BIOS.obj (.text:ti_sysbios_knl_Semaphore_pendTimeout__I)
                  0001face    0000002e     mmw_mss_per4ft.oer4ft (.text:ti_sysbios_rts_MemAlloc_alloc)
                  0001fafc    0000002c     libdpm_xwr68xx.aer4f : dpm_pipe.oer4f (.text:DPM_pipeInit)
                  0001fb28    0000002c     libedma_xwr68xx.aer4f : edma.oer4f (.text:EDMA_validate_channelIdchannelType)
                  0001fb54    0000002c     libgpio_xwr68xx.aer4f : gpio.oer4f (.text:GPIO_HighPriorityISR)
                  0001fb80    0000002c                           : gpio.oer4f (.text:GPIO_LowPriorityISR)
                  0001fbac    0000002c     libmmwave_xwr68xx.aer4f : mmwave_osal.oer4f (.text:MMWave_osalMutexCreate)
                  0001fbd8    0000002c                             : mmwave_osal.oer4f (.text:MMWave_osalSemCreate)
                  0001fc04    0000002c     libsoc_xwr68xx.aer4f : soc_xwr68xx_mss.oer4f (.text:SOC_waitBSSPowerUp)
                  0001fc30    0000002c     libmmwavelink_xwr68xx.aer4f : rl_device.oer4f (.text:rlDeviceGetMssVersion)
                  0001fc5c    0000002c                                 : rl_sensor.oer4f (.text:rlSensorStop)
                  0001fc88    0000002c     mmw_mss_per4ft.oer4ft (.text:ti_sysbios_BIOS_atExitFunc__I)
                  0001fcb4    0000002c     mmw_mss_per4ft.oer4ft (.text:ti_sysbios_knl_Clock_doTick__I)
                  0001fce0    0000002c     mmw_mss_per4ft.oer4ft (.text:ti_sysbios_knl_Queue_construct)
                  0001fd0c    00000004     mmw_mss_per4ft.oer4ft (.text:xdc_runtime_System_Module_GateProxy_enter__E)
                  0001fd10    0000002c     sysbios.aer4ft : BIOS.obj (.text:ti_sysbios_timers_rti_Timer_periodicStub__E)
                  0001fd3c    0000002c     rtsv7R4_T_le_v3D16_eabi.lib : unlink.c.obj (.text:unlink)
                  0001fd68    0000002a     objdetrangehwa.oer4f (.text:DPC_ObjDetRangeHwa_MemPoolAlloc)
                  0001fd92    0000002a     libdpm_xwr68xx.aer4f : dpm_pipe.oer4f (.text:DPM_pipeDeinit)
                  0001fdbc    0000002a     libedma_xwr68xx.aer4f : edma.oer4f (.text:EDMA_isError)
                  0001fde6    0000002a     mmwdemo_adcconfig.oer4f (.text:MmwDemo_ADCBufOpen)
                  0001fe10    0000002a     libsoc_xwr68xx.aer4f : soc.oer4f (.text:SOC_SystemISR)
                  0001fe3a    0000002a     libmmwavelink_xwr68xx.aer4f : rl_device.oer4f (.text:rlDeviceGetMmWaveLinkVersion)
                  0001fe64    0000002a     rtsv7R4_T_le_v3D16_eabi.lib : strspn.c.obj (.text:strspn)
                  0001fe8e    00000002     --HOLE-- [fill = 0]
                  0001fe90    00000028     libcbuff_xwr68xx.aer4f : cbuff.oer4f (.text:CBUFF_ErrorISR)
                  0001feb8    00000028                            : cbuff.oer4f (.text:CBUFF_FrameStartISR)
                  0001fee0    00000028     objdetrangehwa.oer4f (.text:DPC_ObjDetRangeHwa_reconfigSubFrame)
                  0001ff08    00000028     libdpm_xwr68xx.aer4f : dpm_mailbox.oer4f (.text:DPM_mboxDeinit)
                  0001ff30    00000028                          : dpm_msg.oer4f (.text:DPM_msgInitHeader)
                  0001ff58    00000028     librangeproc_hwa_xwr68xx.aer4f : rangeprochwa.oer4f (.text:DPU_RangeProcHWA_deinit)
                  0001ff80    00000028     libmailbox_xwr68xx.aer4f : mailbox.oer4f (.text:Mailbox_Config_init)
                  0001ffa8    00000028     libqspiflash_xwr68xx.aer4f : qspiflash.oer4f (.text:QSPIFlash_getExtFlashAddr)
                  0001ffd0    00000028     libuart_xwr68xx.aer4f : uartsci_dma.oer4f (.text:UartSci_RxDMACallbackFxn)
                  0001fff8    00000028                           : uartsci_dma.oer4f (.text:UartSci_TxDMACallbackFxn)
                  00020020    00000028     rtsv7R4_T_le_v3D16_eabi.lib : lseek.c.obj (.text:lseek)
                  00020048    00000028     mmwdemo_flash.oer4f (.text:mmwDemo_flashEraseOneSector)
[...]
00022918  ti_sysbios_knl_Task_Module__diagsIncluded__C                         
0002291c  ti_sysbios_knl_Task_Module__diagsMask__C                             
00022920  ti_sysbios_knl_Task_Module__loggerFxn2__C                            
00022924  ti_sysbios_knl_Task_Module__loggerFxn4__C                            
00022928  ti_sysbios_knl_Task_Module__loggerObj__C                             
0002292c  ti_sysbios_knl_Task_Object__count__C                                 
00022930  ti_sysbios_knl_Task_Object__heap__C                                  
00022934  ti_sysbios_knl_Task_allBlockedFunc__C                                
00022938  ti_sysbios_knl_Task_defaultStackHeap__C                              
0002293c  ti_sysbios_knl_Task_defaultStackSize__C                              
00022940  ti_sysbios_knl_Task_numConstructedTasks__C                           
00022944  ti_sysbios_timers_rti_Timer_E_cannotSupport__C                       
00022948  ti_sysbios_timers_rti_Timer_Module__diagsEnabled__C                  
0002294c  ti_sysbios_timers_rti_Timer_Module__diagsIncluded__C                 
00022950  ti_sysbios_timers_rti_Timer_Module__diagsMask__C                     
00022954  ti_sysbios_timers_rti_Timer_numTimerDevices__C                       
00022958  ti_sysbios_timers_rti_Timer_startupNeeded__C                         
0002295c  ti_sysbios_utils_Load_LS_cpuLoad__C                                  
00022960  ti_sysbios_utils_Load_LS_taskLoad__C                                 
00022964  ti_sysbios_utils_Load_Module_State_taskList__O                       
00022968  ti_sysbios_utils_Load_Module__diagsEnabled__C                        
0002296c  ti_sysbios_utils_Load_Module__diagsIncluded__C                       
00022970  ti_sysbios_utils_Load_Module__diagsMask__C                           
00022974  ti_sysbios_utils_Load_Module__loggerFxn1__C                          
00022978  ti_sysbios_utils_Load_Module__loggerFxn4__C                          
0002297c  ti_sysbios_utils_Load_Module__loggerObj__C                           
00022980  ti_sysbios_utils_Load_postUpdate__C                                  
00022984  ti_sysbios_utils_Load_windowInMs__C                                  
00022988  xdc_runtime_Assert_E_assertFailed__C                                 
0002298c  xdc_runtime_Core_A_initializedParams__C                              
00022990  xdc_runtime_Core_Module__diagsEnabled__C                             
00022994  xdc_runtime_Core_Module__diagsIncluded__C                            
00022998  xdc_runtime_Core_Module__diagsMask__C                                
0002299c  xdc_runtime_Error_E_memory__C                                        
000229a0  xdc_runtime_Error_Module__diagsEnabled__C                            
000229a4  xdc_runtime_Error_Module__diagsIncluded__C                           
000229a8  xdc_runtime_Error_Module__diagsMask__C                               
000229ac  xdc_runtime_Error_Module__loggerFxn8__C                              
000229b0  xdc_runtime_Error_Module__loggerObj__C                               
000229b4  xdc_runtime_Error_policyFxn__C                                       
000229b8  xdc_runtime_Error_policy__C                                          
000229bc  xdc_runtime_Error_raiseHook__C                                       
000229c0  xdc_runtime_IFilterLogger_Interface__BASE__C                         
000229c4  xdc_runtime_IGateProvider_Interface__BASE__C                         
000229c8  xdc_runtime_IHeap_Interface__BASE__C                                 
000229cc  xdc_runtime_ILogger_Interface__BASE__C                               
000229d0  xdc_runtime_IModule_Interface__BASE__C                               
000229d4  xdc_runtime_Log_L_error__C                                           
000229d8  xdc_runtime_LoggerBuf_E_badLevel__C                                  
000229dc  xdc_runtime_LoggerBuf_Module__gateObj__C                             
000229e0  xdc_runtime_LoggerBuf_Object__count__C                               
000229e4  xdc_runtime_LoggerBuf_statusLogger__C                                
000229e8  xdc_runtime_Main_Module__diagsEnabled__C                             
000229ec  xdc_runtime_Main_Module__diagsIncluded__C                            
000229f0  xdc_runtime_Main_Module__diagsMask__C                                
000229f4  xdc_runtime_Main_Module__loggerFxn1__C                               
000229f8  xdc_runtime_Main_Module__loggerFxn2__C                               
000229fc  xdc_runtime_Main_Module__loggerFxn4__C                               
00022a00  xdc_runtime_Main_Module__loggerObj__C                                
00022a04  xdc_runtime_Memory_defaultHeapInstance__C                            
00022a08  xdc_runtime_Startup_execImpl__C                                      
00022a0c  xdc_runtime_Startup_maxPasses__C                                     
00022a10  xdc_runtime_Startup_sfxnRts__C                                       
00022a14  xdc_runtime_Startup_sfxnTab__C                                       
00022a18  xdc_runtime_System_Module__gateObj__C                                
00022a1c  xdc_runtime_System_abortFxn__C                                       
00022a20  xdc_runtime_System_exitFxn__C                                        
00022a24  xdc_runtime_System_extendFxn__C                                      
00022a28  xdc_runtime_System_maxAtexitHandlers__C                              
00022a2c  xdc_runtime_Text_charTab__C                                          
00022a30  xdc_runtime_Text_nameEmpty__C                                        
00022a34  xdc_runtime_Text_nameStatic__C                                       
00022a38  xdc_runtime_Text_nameUnknown__C                                      
00022a3c  xdc_runtime_Text_visitRopeFxn__C                                     
00022a40  ti_sysbios_family_arm_v7r_tms570_Core_Module__id__C                  
00022a42  ti_sysbios_family_arm_v7r_vim_Hwi_Module__id__C                      
00022a44  ti_sysbios_family_arm_v7r_vim_Hwi_Module__loggerDefined__C           
00022a46  ti_sysbios_gates_GateMutex_Module__id__C                             
00022a48  ti_sysbios_hal_Hwi_Module__id__C                                     
00022a4a  ti_sysbios_heaps_HeapMem_Module__id__C                               
00022a4c  ti_sysbios_knl_Clock_Module__id__C                                   
00022a4e  ti_sysbios_knl_Clock_Module__loggerDefined__C                        
00022a50  ti_sysbios_knl_Semaphore_Module__id__C                               
00022a52  ti_sysbios_knl_Semaphore_Module__loggerDefined__C                    
00022a54  ti_sysbios_knl_Task_Module__id__C                                    
00022a56  ti_sysbios_knl_Task_Module__loggerDefined__C                         
00022a58  ti_sysbios_timers_rti_Timer_Module__id__C                            
00022a5a  ti_sysbios_timers_rti_Timer_continueOnSuspend__C                     
00022a5c  ti_sysbios_utils_Load_Module__id__C                                  
00022a5e  ti_sysbios_utils_Load_Module__loggerDefined__C                       
00022a60  ti_sysbios_utils_Load_autoAddTasks__C                                
00022a62  ti_sysbios_utils_Load_updateInIdle__C                                
00022a64  xdc_runtime_Core_Module__id__C                                       
00022a66  xdc_runtime_Error_Module__loggerDefined__C                           
00022a68  xdc_runtime_Error_maxDepth__C                                        
00022a6a  xdc_runtime_LoggerBuf_Module__id__C                                  
00022a6c  xdc_runtime_LoggerBuf_filterByLevel__C                               
00022a6e  xdc_runtime_Main_Module__id__C                                       
00022a70  xdc_runtime_Main_Module__loggerDefined__C                            
00022a72  xdc_runtime_Memory_Module__id__C                                     
00022a74  xdc_runtime_Text_charCnt__C                                          
00022a76  xdc_runtime_Text_isLoaded__C                                         
00022a78  xdc_runtime_Text_registryModsLastId__C                               
00022a7a  xdc_runtime_Text_unnamedModsLastId__C                                
00022a80  __TI_static_base__                                                   
00022fa0  __TI_Handler_Table_Base                                              
00022fac  __TI_Handler_Table_Limit                                             
00022fd8  __TI_CINIT_Base                                                      
00023008  __TI_CINIT_Limit                                                     
08000000  __start___llvm_prf_cnts                                              
08000000  __stop___llvm_prf_cnts                                               
08000000  ti_sysbios_heaps_HeapMem_Instance_State_0_buf__A                     
08008000  xdc_runtime_LoggerBuf_Instance_State_0_entryArr__A                   
08009900  ti_sysbios_family_arm_exc_Exception_Module_State_0_excStack_0__A     
0800a900  edmaDbg                                                              
0800ade8  gCalibDataStorage                                                    
0800b248  ti_sysbios_knl_Task_Instance_State_0_stack__A                        
0800b568  gCLI                                                                 
0800b710  gGPIOMCB                                                             
0800b8a4  __CIOBUF_                                                            
0800b9c4  gMMWave_MCB                                                          
0800bac4  __TI_tmpnams                                                         
0800bb64  gObjDetObj                                                           
0800bb68  gHSIHeaderMCB                                                        
0800bbf8  gEsmMCB                                                              
0800bc68  gMmwDemoFlash                                                        
0800bc74  gMMWave_DualcoreMCB                                                  
0800bc7c  parmbuf                                                              
0800bc84  ti_sysbios_knl_Task_Instance_State_0_hookEnv__A                      
0800bc88  gRFLdoBypassCfg                                                      
0800bc8c  gtsIdx                                                               
0800bc90  gts                                                                  
0800be20  gMmwMssMCB                                                           
0800c650  rl_txMsg                                                             
0800c750  rl_rxMsg                                                             
0800ca38  gCLI_mmwave_freq_scale_factor                                        
0800ca40  gCLIMMWaveOpenCfg                                                    
0800ca68  gCLIMMWaveExtensionTable                                             
0800cb10  gCLIMMWaveControlCfg                                                 
0800cbdc  partInfoStringArray                                                  
0800cda0  ti_sysbios_family_arm_v7r_vim_Hwi_Module_State_0_dispatchTable__A    
0800cfa0  _ftable                                                              
0800d090  ti_sysbios_utils_Load_Module__state__V                               
0800d128  ti_sysbios_knl_Task_Module_State_0_readyQ__A                         
0800d1a8  _device                                                              
0800d220  gCBUFFHwAttribute                                                    
0800d298  ti_sysbios_knl_Task_Object__table__V                                 
0800d2f4  gUartSciHwCfg                                                        
0800d34c  _stream                                                              
0800d39c  gMailboxMCB                                                          
0800d3ec  ti_sysbios_knl_Task_Module__state__V                                 
0800d434  SOC_TranslateAddr_LUT                                                
0800d474  ti_sysbios_gates_GateMutex_Object__table__V                          
0800d4b4  ti_sysbios_timers_rti_Timer_Object__table__V                         
0800d4f0  gCBUFFInterfaceFxn                                                   
0800d528  ti_sysbios_family_arm_v7r_vim_Hwi_Module__state__V                   
0800d55c  gHWAHwCfg                                                            
0800d58c  ti_sysbios_family_arm_v7r_vim_Hwi_Object__table__V                   
0800d5b8  ti_sysbios_knl_Clock_Module__state__V                                
0800d5e4  gUartSciFxnTable                                                     
0800d60c  UART_config                                                          
0800d630  gDPC_ObjDetRangeHWACfg                                               
0800d654  ti_sysbios_BIOS_Module__state__V                                     
0800d678  xdc_runtime_LoggerBuf_Object__table__V                               
0800d69c  gHWADriverPtr                                                        
0800d6a0  gSOCHwAttrib                                                         
0800d6c0  ti_sysbios_knl_Clock_Object__table__V                                
0800d6e0  xdc_runtime_Error_IgnoreBlock                                        
0800d700  xdc_runtime_System_Module_State_0_atexitHandlers__A                  
0800d720  ti_sysbios_utils_Load_Module_State_0_taskEnv__A                      
0800d73c  ADCBuf_config                                                        
0800d754  gInterleavedTransferFxn                                              
0800d76c  gMailboxMssBssHwCfg                                                  
0800d784  gMailboxMssDssHwCfg                                                  
0800d79c  gMultipleChirpNonInterleavedTransferFxn                              
0800d7b4  gNonInterleavedTransferFxn                                           
0800d7cc  ti_sysbios_heaps_HeapMem_Object__table__V                            
0800d7e4  ti_sysbios_timers_rti_Timer_Module_State_0_device__A                 
0800d7fc  gDPMRemoteTable                                                      
0800d810  ti_sysbios_family_arm_exc_Exception_Module__state__V                 
0800d824  gHwaEDMAChanMapping                                                  
0800d834  gQSPIHwCfg                                                           
0800d844  __TI_ft_end                                                          
0800d848  __aeabi_stdin                                                        
0800d84c  __aeabi_stdout                                                       
0800d850  __aeabi_stderr                                                       
0800d854  ti_sysbios_timers_rti_Timer_Module_State_0_intFreqs__A               
0800d864  ti_sysbios_timers_rti_Timer_Module__state__V                         
0800d874  __TI_cleanup_ptr                                                     
0800d878  __TI_dtors_ptr                                                       
0800d87c  __TI_enable_exit_profile_output                                      
0800d880  gESMHwCfgAttrs                                                       
0800d88c  ti_sysbios_family_arm_v7a_Pmu_Module__state__V                       
0800d898  ti_sysbios_knl_Task_Module__root__V                                  
0800d8a4  _lock                                                                
0800d8a8  _unlock                                                              
0800d8ac  MmwDemo_RFParserHwCfg                                                
0800d8b4  QSPIFlash_deviceFxnTbl_macronix                                      
0800d8bc  QSPIFlash_deviceFxnTbl_spansion                                      
0800d8c4  gDPMHwAttrib                                                         
0800d8cc  gGPIOHwAtrrib                                                        
0800d8d4  ti_sysbios_family_arm_v7r_vim_Hwi_Module__root__V                    
0800d8dc  ti_sysbios_gates_GateHwi_Module__root__V                             
0800d8e4  ti_sysbios_gates_GateMutex_Module__root__V                           
0800d8ec  ti_sysbios_hal_Hwi_Object__table__V                                  
0800d8f4  ti_sysbios_heaps_HeapMem_Module__root__V                             
0800d8fc  ti_sysbios_knl_Queue_Module__root__V                                 
0800d904  ti_sysbios_knl_Semaphore_Module__root__V                             
0800d90c  ti_sysbios_timers_rti_Timer_Module_State_0_handles__A                
0800d914  xdc_runtime_LoggerBuf_Module__root__V                                
0800d91c  xdc_runtime_Registry_Module__state__V                                
0800d924  xdc_runtime_Startup_Module__state__V                                 
0800d92c  xdc_runtime_System_Module__state__V                                  
0800d934  xdc_runtime_LoggerBuf_Module__state__V                               
0800d93a  ti_sysbios_family_arm_exc_Exception_Module_State_0_excActive__A      
0800d93c  gQSPIFlashHwCfg                                                      
0800d944  gCRCRegister                                                         
0800d948  gDPM                                                                 
0800d94c  regionId                                                             
0800d950  gPinmuxRegs                                                          
0800d954  gQSPIDriverPtr                                                       
0800d95c  errno                                                                
0800d960  main_func_sp                                                         
0800d968  ti_sysbios_family_arm_a15_TimestampProvider_Module__state__V         
0800d96c  ti_sysbios_family_arm_exc_Exception_Module_State_0_excContext__A     
0800d970  ti_sysbios_family_arm_exc_Exception_Module_State_0_excStackBuffers__A
0800d974  ti_sysbios_family_arm_exc_Exception_Module_State_0_excStack__A       
0800d978  ti_sysbios_gates_GateHwi_Object__table__V                            
0800d97c  ti_sysbios_heaps_HeapBuf_Module__state__V                            
0800d980  ti_sysbios_knl_Task_Module_State_0_idleTask__A                       
0800d984  ti_sysbios_utils_Load_Module_State_0_runningTask__A                  
0800d988  ti_sysbios_utils_Load_Module_State_0_taskStartTime__A                
0800d98c  xdc_runtime_Memory_Module__state__V                                  
0800d990  xdc_runtime_Error_Module__state__V                                   
0800d992  xdc_runtime_Main_Module__root__V                                     
0800d994  gDPCTCM                                                              
0800e998  ti_sysbios_family_arm_v7r_vim_Hwi_Module_State_0_fiqStack__A         
0800f198  __stack                                                              
0800f998  __STACK_END                                                          
51000000  gMmwL3                                                               
fffffdec  ti_sysbios_family_arm_v7r_vim_Hwi_vim                                
ffffffff  __TI_pprof_out_hndl                                                  
ffffffff  __TI_prof_data_size                                                  
ffffffff  __TI_prof_data_start                                                 
ffffffff  __binit__                                                            
ffffffff  __c_args__                                                           
ffffffff  binit                                                                
UNDEFED   SHT$$INIT_ARRAY$$Base                                                
UNDEFED   SHT$$INIT_ARRAY$$Limit                                               

[1188 symbols]
